Component: ARM Compiler 5.05 update 1 (build 106) Tool: armlink [4d0efa]

==============================================================================

Section Cross References

    main.o(.text) refers to _printf_pad.o(.text) for _printf_pre_padding
    main.o(.text) refers to _printf_percent.o(.ARM.Collect$$_printf_percent$$00000000) for _printf_percent
    main.o(.text) refers to _printf_x.o(.ARM.Collect$$_printf_percent$$0000000C) for _printf_x
    main.o(.text) refers to _printf_hex_int.o(.text) for _printf_longlong_hex
    main.o(.text) refers to _printf_d.o(.ARM.Collect$$_printf_percent$$00000009) for _printf_d
    main.o(.text) refers to _printf_dec.o(.text) for _printf_int_dec
    main.o(.text) refers to delay.o(.text) for delay_init
    main.o(.text) refers to anjian.o(.text) for anjian_init
    main.o(.text) refers to misc.o(.text) for NVIC_PriorityGroupConfig
    main.o(.text) refers to usart.o(.text) for uart_init
    main.o(.text) refers to led.o(.text) for LED_Init
    main.o(.text) refers to lcd.o(.text) for LCD_Init
    main.o(.text) refers to noretval__2sprintf.o(.text) for __2sprintf
    main.o(.text) refers to draw.o(.text) for draw_zhuye
    main.o(.text) refers to duqu.o(.text) for duqu_init
    main.o(.text) refers to noretval__2printf.o(.text) for __2printf
    main.o(.text) refers to lcd.o(.data) for POINT_COLOR
    main.o(.text) refers to lcd.o(.bss) for lcddev
    main.o(.text) refers to draw.o(.bss) for pro
    main.o(.text) refers to main.o(.data) for apple_number
    main.o(.text) refers to timer.o(.data) for anjian_number
    main.o(.text) refers to duqu.o(.bss) for duqu_number
    system_stm32f10x.o(.text) refers to system_stm32f10x.o(.data) for SystemCoreClock
    led.o(.text) refers to stm32f10x_rcc.o(.text) for RCC_APB2PeriphClockCmd
    led.o(.text) refers to stm32f10x_gpio.o(.text) for GPIO_Init
    key.o(.text) refers to stm32f10x_rcc.o(.text) for RCC_APB2PeriphClockCmd
    key.o(.text) refers to stm32f10x_gpio.o(.text) for GPIO_Init
    key.o(.text) refers to delay.o(.text) for delay_ms
    key.o(.text) refers to key.o(.data) for key_up
    lcd.o(.text) refers to _printf_percent.o(.ARM.Collect$$_printf_percent$$00000000) for _printf_percent
    lcd.o(.text) refers to _printf_x.o(.ARM.Collect$$_printf_percent$$0000000C) for _printf_x
    lcd.o(.text) refers to _printf_hex_int.o(.text) for _printf_longlong_hex
    lcd.o(.text) refers to delay.o(.text) for delay_us
    lcd.o(.text) refers to lcd.o(.bss) for lcddev
    lcd.o(.text) refers to dflt_clz.o(x$fpl$dfltu) for __aeabi_ui2d
    lcd.o(.text) refers to dmul.o(x$fpl$dmul) for __aeabi_dmul
    lcd.o(.text) refers to dfixu.o(x$fpl$dfixu) for __aeabi_d2uiz
    lcd.o(.text) refers to lcd.o(.data) for POINT_COLOR
    lcd.o(.text) refers to stm32f10x_rcc.o(.text) for RCC_AHBPeriphClockCmd
    lcd.o(.text) refers to stm32f10x_gpio.o(.text) for GPIO_Init
    lcd.o(.text) refers to stm32f10x_fsmc.o(.text) for FSMC_NORSRAMInit
    lcd.o(.text) refers to noretval__2printf.o(.text) for __2printf
    lcd.o(.text) refers to lcd.o(.constdata) for asc2_1206
    anjian.o(.text) refers to stm32f10x_rcc.o(.text) for RCC_APB2PeriphClockCmd
    anjian.o(.text) refers to stm32f10x_gpio.o(.text) for GPIO_Init
    draw.o(.text) refers to lcd.o(.text) for LCD_ShowString
    draw.o(.text) refers to lcd.o(.data) for POINT_COLOR
    draw.o(.text) refers to draw.o(.bss) for pro
    draw.o(.text) refers to main.o(.data) for apple_number
    draw.o(.text) refers to duqu.o(.bss) for duqu_number
    draw.o(.text) refers to duqu.o(.data) for duqu_name
    timer.o(.text) refers to stm32f10x_rcc.o(.text) for RCC_APB1PeriphClockCmd
    timer.o(.text) refers to stm32f10x_tim.o(.text) for TIM_TimeBaseInit
    timer.o(.text) refers to misc.o(.text) for NVIC_Init
    timer.o(.text) refers to anjian.o(.text) for key
    timer.o(.text) refers to duqu.o(.text) for duqu
    timer.o(.text) refers to noretval__2printf.o(.text) for __2printf
    timer.o(.text) refers to timer.o(.data) for anjian_number
    duqu.o(.text) refers to timer.o(.data) for anjian_number
    duqu.o(.text) refers to duqu.o(.bss) for duqu_number
    duqu.o(.text) refers to duqu.o(.data) for i
    delay.o(.text) refers to misc.o(.text) for SysTick_CLKSourceConfig
    delay.o(.text) refers to system_stm32f10x.o(.data) for SystemCoreClock
    delay.o(.text) refers to delay.o(.data) for fac_us
    usart.o(.text) refers (Special) to use_no_semi_2.o(.text) for __use_no_semihosting
    usart.o(.text) refers to stm32f10x_rcc.o(.text) for RCC_APB2PeriphClockCmd
    usart.o(.text) refers to stm32f10x_gpio.o(.text) for GPIO_Init
    usart.o(.text) refers to misc.o(.text) for NVIC_Init
    usart.o(.text) refers to stm32f10x_usart.o(.text) for USART_Init
    usart.o(.text) refers to usart.o(.data) for USART_RX_STA
    usart.o(.text) refers to usart.o(.bss) for USART_RX_BUF
[...]
    Symbol Name                              Value     Ov Type        Size  Object(Section)

    ../clib/angel/boardlib.s                 0x00000000   Number         0  boardinit1.o ABSOLUTE
    ../clib/angel/boardlib.s                 0x00000000   Number         0  boardinit2.o ABSOLUTE
    ../clib/angel/boardlib.s                 0x00000000   Number         0  boardinit3.o ABSOLUTE
    ../clib/angel/boardlib.s                 0x00000000   Number         0  boardshut.o ABSOLUTE
    ../clib/angel/handlers.s                 0x00000000   Number         0  __scatter_zi.o ABSOLUTE
    ../clib/angel/handlers.s                 0x00000000   Number         0  __scatter_copy.o ABSOLUTE
    ../clib/angel/kernel.s                   0x00000000   Number         0  __rtentry.o ABSOLUTE
    ../clib/angel/kernel.s                   0x00000000   Number         0  __rtentry2.o ABSOLUTE
    ../clib/angel/kernel.s                   0x00000000   Number         0  __rtentry4.o ABSOLUTE
    ../clib/angel/kernel.s                   0x00000000   Number         0  rtexit2.o ABSOLUTE
    ../clib/angel/kernel.s                   0x00000000   Number         0  rtexit.o ABSOLUTE
    ../clib/angel/rt.s                       0x00000000   Number         0  rt_raise.o ABSOLUTE
    ../clib/angel/scatter.s                  0x00000000   Number         0  __scatter.o ABSOLUTE
    ../clib/angel/startup.s                  0x00000000   Number         0  __main.o ABSOLUTE
    ../clib/angel/sys.s                      0x00000000   Number         0  use_no_semi.o ABSOLUTE
    ../clib/angel/sys.s                      0x00000000   Number         0  indicate_semi.o ABSOLUTE
    ../clib/angel/sys.s                      0x00000000   Number         0  use_no_semi_2.o ABSOLUTE
    ../clib/angel/sys.s                      0x00000000   Number         0  sys_stackheap_outer.o ABSOLUTE
    ../clib/angel/sys.s                      0x00000000   Number         0  libspace.o ABSOLUTE
    ../clib/angel/sysapp.c                   0x00000000   Number         0  sys_wrch.o ABSOLUTE
    ../clib/angel/sysapp.c                   0x00000000   Number         0  sys_command.o ABSOLUTE
    ../clib/armsys.c                         0x00000000   Number         0  no_argv.o ABSOLUTE
    ../clib/armsys.c                         0x00000000   Number         0  _get_argv_nomalloc.o ABSOLUTE
    ../clib/armsys.c                         0x00000000   Number         0  argv_veneer.o ABSOLUTE
    ../clib/armsys.c                         0x00000000   Number         0  argv_veneer.o ABSOLUTE
    ../clib/heapalloc.c                      0x00000000   Number         0  hrguard.o ABSOLUTE
    ../clib/heapaux.c                        0x00000000   Number         0  heapauxi.o ABSOLUTE
    ../clib/libinit.s                        0x00000000   Number         0  libshutdown2.o ABSOLUTE
    ../clib/libinit.s                        0x00000000   Number         0  libshutdown.o ABSOLUTE
    ../clib/libinit.s                        0x00000000   Number         0  libinit.o ABSOLUTE
    ../clib/libinit.s                        0x00000000   Number         0  libinit2.o ABSOLUTE
    ../clib/misc.s                           0x00000000   Number         0  printf_stubs.o ABSOLUTE
    ../clib/printf.c                         0x00000000   Number         0  __printf_flags_wp.o ABSOLUTE
    ../clib/printf.c                         0x00000000   Number         0  __2printf.o ABSOLUTE
    ../clib/printf.c                         0x00000000   Number         0  __2sprintf.o ABSOLUTE
    ../clib/printf.c                         0x00000000   Number         0  noretval__2printf.o ABSOLUTE
    ../clib/printf.c                         0x00000000   Number         0  noretval__2sprintf.o ABSOLUTE
    ../clib/printf.c                         0x00000000   Number         0  __printf_nopercent.o ABSOLUTE
    ../clib/printf.c                         0x00000000   Number         0  __printf.o ABSOLUTE
    ../clib/printf.c                         0x00000000   Number         0  _printf_pad.o ABSOLUTE
    ../clib/printf.c                         0x00000000   Number         0  _printf_dec.o ABSOLUTE
    ../clib/printf.c                         0x00000000   Number         0  _printf_hex_ll.o ABSOLUTE
    ../clib/printf.c                         0x00000000   Number         0  _printf_hex_int.o ABSOLUTE
    ../clib/printf.c                         0x00000000   Number         0  _printf_hex_int_ll.o ABSOLUTE
    ../clib/printf.c                         0x00000000   Number         0  _printf_hex_ptr.o ABSOLUTE
    ../clib/printf.c                         0x00000000   Number         0  _printf_hex_int_ptr.o ABSOLUTE
    ../clib/printf.c                         0x00000000   Number         0  _printf_hex_ll_ptr.o ABSOLUTE
    ../clib/printf.c                         0x00000000   Number         0  _printf_hex_int_ll_ptr.o ABSOLUTE
    ../clib/printf.c                         0x00000000   Number         0  __printf_flags.o ABSOLUTE
    ../clib/printf.c                         0x00000000   Number         0  __printf_ss.o ABSOLUTE
    ../clib/printf.c                         0x00000000   Number         0  __printf_flags_ss.o ABSOLUTE
    ../clib/printf.c                         0x00000000   Number         0  __printf_wp.o ABSOLUTE
    ../clib/printf.c                         0x00000000   Number         0  _printf_char_file.o ABSOLUTE
    ../clib/printf.c                         0x00000000   Number         0  _sputc.o ABSOLUTE
    ../clib/printf.c                         0x00000000   Number         0  _printf_char_common.o ABSOLUTE
    ../clib/printf.c                         0x00000000   Number         0  _printf_intcommon.o ABSOLUTE
    ../clib/printf.c                         0x00000000   Number         0  __printf_ss_wp.o ABSOLUTE
    ../clib/printf.c                         0x00000000   Number         0  __printf_flags_ss_wp.o ABSOLUTE
    ../clib/printf_percent.s                 0x00000000   Number         0  _printf_d.o ABSOLUTE
    ../clib/printf_percent.s                 0x00000000   Number         0  _printf_x.o ABSOLUTE
    ../clib/printf_percent.s                 0x00000000   Number         0  _printf_percent_end.o ABSOLUTE
    ../clib/printf_percent.s                 0x00000000   Number         0  _printf_percent.o ABSOLUTE
    ../clib/signal.c                         0x00000000   Number         0  defsig_rtmem_formal.o ABSOLUTE
    ../clib/signal.c                         0x00000000   Number         0  defsig_other.o ABSOLUTE
    ../clib/signal.c                         0x00000000   Number         0  defsig_exit.o ABSOLUTE
    ../clib/signal.c                         0x00000000   Number         0  defsig_segv_inner.o ABSOLUTE
    ../clib/signal.c                         0x00000000   Number         0  defsig_cppl_inner.o ABSOLUTE
    ../clib/signal.c                         0x00000000   Number         0  defsig_pvfn_inner.o ABSOLUTE
    ../clib/signal.c                         0x00000000   Number         0  defsig_abrt_inner.o ABSOLUTE
    ../clib/signal.c                         0x00000000   Number         0  defsig_stak_inner.o ABSOLUTE
    ../clib/signal.c                         0x00000000   Number         0  defsig_rtred_inner.o ABSOLUTE
    ../clib/signal.c                         0x00000000   Number         0  defsig_fpe_inner.o ABSOLUTE
    ../clib/signal.c                         0x00000000   Number         0  defsig_rtmem_outer.o ABSOLUTE
    ../clib/signal.c                         0x00000000   Number         0  defsig_general.o ABSOLUTE
    ../clib/signal.c                         0x00000000   Number         0  defsig_rtmem_inner.o ABSOLUTE
    ../clib/signal.c                         0x00000000   Number         0  __raise.o ABSOLUTE
    ../clib/signal.s                         0x00000000   Number         0  defsig.o ABSOLUTE
    ../clib/stdio.c                          0x00000000   Number         0  ferror_locked.o ABSOLUTE
    ../clib/stdio.c                          0x00000000   Number         0  ferror.o ABSOLUTE
    ../clib/stdlib.c                         0x00000000   Number         0  exit.o ABSOLUTE
    ../fplib/dfixu.s                         0x00000000   Number         0  dfixu.o ABSOLUTE
    ../fplib/dflt.s                          0x00000000   Number         0  dflt_clz.o ABSOLUTE
    ../fplib/dmul.s                          0x00000000   Number         0  dmul.o ABSOLUTE
    ../fplib/dnaninf.s                       0x00000000   Number         0  dnaninf.o ABSOLUTE
    ../fplib/dretinf.s                       0x00000000   Number         0  dretinf.o ABSOLUTE
    ../fplib/fpinit.s                        0x00000000   Number         0  fpinit.o ABSOLUTE
    ../fplib/usenofp.s                       0x00000000   Number         0  usenofp.o ABSOLUTE
    ..\CORE\core_cm3.c                       0x00000000   Number         0  core_cm3.o ABSOLUTE
    ..\CORE\startup_stm32f10x_hd.s           0x00000000   Number         0  startup_stm32f10x_hd.o ABSOLUTE
    ..\HARDWARE\KEY\key.c                    0x00000000   Number         0  key.o ABSOLUTE
    ..\HARDWARE\LCD\lcd.c                    0x00000000   Number         0  lcd.o ABSOLUTE
    ..\HARDWARE\LED\led.c                    0x00000000   Number         0  led.o ABSOLUTE
    ..\HARDWARE\anjian\anjian.c              0x00000000   Number         0  anjian.o ABSOLUTE
    ..\HARDWARE\draw\draw.c                  0x00000000   Number         0  draw.o ABSOLUTE
    ..\HARDWARE\duqu\duqu.c                  0x00000000   Number         0  duqu.o ABSOLUTE
    ..\HARDWARE\struct\struct.c              0x00000000   Number         0  struct.o ABSOLUTE
    ..\HARDWARE\timer\timer.c                0x00000000   Number         0  timer.o ABSOLUTE
    ..\STM32F10x_FWLib\src\misc.c            0x00000000   Number         0  misc.o ABSOLUTE
    ..\STM32F10x_FWLib\src\stm32f10x_fsmc.c  0x00000000   Number         0  stm32f10x_fsmc.o ABSOLUTE
    ..\STM32F10x_FWLib\src\stm32f10x_gpio.c  0x00000000   Number         0  stm32f10x_gpio.o ABSOLUTE
    ..\STM32F10x_FWLib\src\stm32f10x_rcc.c   0x00000000   Number         0  stm32f10x_rcc.o ABSOLUTE
    ..\STM32F10x_FWLib\src\stm32f10x_tim.c   0x00000000   Number         0  stm32f10x_tim.o ABSOLUTE
    ..\STM32F10x_FWLib\src\stm32f10x_usart.c 0x00000000   Number         0  stm32f10x_usart.o ABSOLUTE
    ..\SYSTEM\delay\delay.c                  0x00000000   Number         0  delay.o ABSOLUTE
    ..\SYSTEM\sys\sys.c                      0x00000000   Number         0  sys.o ABSOLUTE
    ..\SYSTEM\usart\usart.c                  0x00000000   Number         0  usart.o ABSOLUTE
    ..\\CORE\\core_cm3.c                     0x00000000   Number         0  core_cm3.o ABSOLUTE
    ..\\SYSTEM\\sys\\sys.c                   0x00000000   Number         0  sys.o ABSOLUTE
    dc.s                                     0x00000000   Number         0  dc.o ABSOLUTE
    main.c                                   0x00000000   Number         0  main.o ABSOLUTE
    stm32f10x_it.c                           0x00000000   Number         0  stm32f10x_it.o ABSOLUTE
    system_stm32f10x.c                       0x00000000   Number         0  system_stm32f10x.o ABSOLUTE
    RESET                                    0x08000000   Section      304  startup_stm32f10x_hd.o(RESET)
    !!!main                                  0x08000130   Section        8  __main.o(!!!main)
    !!!scatter                               0x08000138   Section       52  __scatter.o(!!!scatter)
    !!handler_copy                           0x0800016c   Section       26  __scatter_copy.o(!!handler_copy)
    !!handler_zi                             0x08000188   Section       28  __scatter_zi.o(!!handler_zi)
    .ARM.Collect$$_printf_percent$$00000000  0x080001a4   Section        0  _printf_percent.o(.ARM.Collect$$_printf_percent$$00000000)
    .ARM.Collect$$_printf_percent$$00000009  0x080001a4   Section        6  _printf_d.o(.ARM.Collect$$_printf_percent$$00000009)
    .ARM.Collect$$_printf_percent$$0000000C  0x080001aa   Section        6  _printf_x.o(.ARM.Collect$$_printf_percent$$0000000C)
    .ARM.Collect$$_printf_percent$$00000017  0x080001b0   Section        4  _printf_percent_end.o(.ARM.Collect$$_printf_percent$$00000017)
    .ARM.Collect$$libinit$$00000000          0x080001b4   Section        2  libinit.o(.ARM.Collect$$libinit$$00000000)
    .ARM.Collect$$libinit$$00000002          0x080001b6   Section        0  libinit2.o(.ARM.Collect$$libinit$$00000002)
    .ARM.Collect$$libinit$$00000004          0x080001b6   Section        0  libinit2.o(.ARM.Collect$$libinit$$00000004)
    .ARM.Collect$$libinit$$0000000A          0x080001b6   Section        0  libinit2.o(.ARM.Collect$$libinit$$0000000A)
    .ARM.Collect$$libinit$$0000000C          0x080001b6   Section        0  libinit2.o(.ARM.Collect$$libinit$$0000000C)
    .ARM.Collect$$libinit$$0000000E          0x080001b6   Section        0  libinit2.o(.ARM.Collect$$libinit$$0000000E)
    .ARM.Collect$$libinit$$00000011          0x080001b6   Section        0  libinit2.o(.ARM.Collect$$libinit$$00000011)
    .ARM.Collect$$libinit$$00000013          0x080001b6   Section        0  libinit2.o(.ARM.Collect$$libinit$$00000013)
    .ARM.Collect$$libinit$$00000015          0x080001b6   Section        0  libinit2.o(.ARM.Collect$$libinit$$00000015)
    .ARM.Collect$$libinit$$00000017          0x080001b6   Section        0  libinit2.o(.ARM.Collect$$libinit$$00000017)
    .ARM.Collect$$libinit$$00000019          0x080001b6   Section        0  libinit2.o(.ARM.Collect$$libinit$$00000019)
    .ARM.Collect$$libinit$$0000001B          0x080001b6   Section        0  libinit2.o(.ARM.Collect$$libinit$$0000001B)
    .ARM.Collect$$libinit$$0000001D          0x080001b6   Section        0  libinit2.o(.ARM.Collect$$libinit$$0000001D)
    .ARM.Collect$$libinit$$0000001F          0x080001b6   Section        0  libinit2.o(.ARM.Collect$$libinit$$0000001F)
    .ARM.Collect$$libinit$$00000021          0x080001b6   Section        0  libinit2.o(.ARM.Collect$$libinit$$00000021)
    .ARM.Collect$$libinit$$00000023          0x080001b6   Section        0  libinit2.o(.ARM.Collect$$libinit$$00000023)
    .ARM.Collect$$libinit$$00000025          0x080001b6   Section        0  libinit2.o(.ARM.Collect$$libinit$$00000025)
    .ARM.Collect$$libinit$$0000002C          0x080001b6   Section        0  libinit2.o(.ARM.Collect$$libinit$$0000002C)
    .ARM.Collect$$libinit$$0000002E          0x080001b6   Section        0  libinit2.o(.ARM.Collect$$libinit$$0000002E)
    .ARM.Collect$$libinit$$00000030          0x080001b6   Section        0  libinit2.o(.ARM.Collect$$libinit$$00000030)
    .ARM.Collect$$libinit$$00000032          0x080001b6   Section        0  libinit2.o(.ARM.Collect$$libinit$$00000032)
    .ARM.Collect$$libinit$$00000033          0x080001b6   Section        2  libinit2.o(.ARM.Collect$$libinit$$00000033)
    .ARM.Collect$$libshutdown$$00000000      0x080001b8   Section        2  libshutdown.o(.ARM.Collect$$libshutdown$$00000000)
    .ARM.Collect$$libshutdown$$00000003      0x080001ba   Section        0  libshutdown2.o(.ARM.Collect$$libshutdown$$00000003)
    .ARM.Collect$$libshutdown$$00000006      0x080001ba   Section        0  libshutdown2.o(.ARM.Collect$$libshutdown$$00000006)
    .ARM.Collect$$libshutdown$$00000009      0x080001ba   Section        0  libshutdown2.o(.ARM.Collect$$libshutdown$$00000009)
    .ARM.Collect$$libshutdown$$0000000B      0x080001ba   Section        0  libshutdown2.o(.ARM.Collect$$libshutdown$$0000000B)
    .ARM.Collect$$libshutdown$$0000000E      0x080001ba   Section        0  libshutdown2.o(.ARM.Collect$$libshutdown$$0000000E)
    .ARM.Collect$$libshutdown$$0000000F      0x080001ba   Section        2  libshutdown2.o(.ARM.Collect$$libshutdown$$0000000F)
    .ARM.Collect$$rtentry$$00000000          0x080001bc   Section        0  __rtentry.o(.ARM.Collect$$rtentry$$00000000)
    .ARM.Collect$$rtentry$$00000002          0x080001bc   Section        0  __rtentry2.o(.ARM.Collect$$rtentry$$00000002)
    .ARM.Collect$$rtentry$$00000004          0x080001bc   Section        6  __rtentry4.o(.ARM.Collect$$rtentry$$00000004)
    .ARM.Collect$$rtentry$$00000009          0x080001c2   Section        0  __rtentry2.o(.ARM.Collect$$rtentry$$00000009)
    .ARM.Collect$$rtentry$$0000000A          0x080001c2   Section        4  __rtentry2.o(.ARM.Collect$$rtentry$$0000000A)
    .ARM.Collect$$rtentry$$0000000C          0x080001c6   Section        0  __rtentry2.o(.ARM.Collect$$rtentry$$0000000C)
    .ARM.Collect$$rtentry$$0000000D          0x080001c6   Section        8  __rtentry2.o(.ARM.Collect$$rtentry$$0000000D)
    .ARM.Collect$$rtexit$$00000000           0x080001ce   Section        2  rtexit.o(.ARM.Collect$$rtexit$$00000000)
    .ARM.Collect$$rtexit$$00000002           0x080001d0   Section        0  rtexit2.o(.ARM.Collect$$rtexit$$00000002)
    .ARM.Collect$$rtexit$$00000003           0x080001d0   Section        4  rtexit2.o(.ARM.Collect$$rtexit$$00000003)
    .ARM.Collect$$rtexit$$00000004           0x080001d4   Section        6  rtexit2.o(.ARM.Collect$$rtexit$$00000004)
    .text                                    0x080001dc   Section        0  main.o(.text)
    .text                                    0x0800078c   Section        0  stm32f10x_it.o(.text)
    .text                                    0x080007a8   Section        0  system_stm32f10x.o(.text)
    SetSysClockTo72                          0x080007a9   Thumb Code   214  system_stm32f10x.o(.text)
    SetSysClock                              0x0800087f   Thumb Code     8  system_stm32f10x.o(.text)
    .text                                    0x08000988   Section        0  led.o(.text)
    .text                                    0x080009d4   Section        0  lcd.o(.text)
    .text                                    0x08003e80   Section        0  anjian.o(.text)
    .text                                    0x080040dc   Section        0  draw.o(.text)
    .text                                    0x08004d90   Section        0  timer.o(.text)
    .text                                    0x08004f74   Section        0  duqu.o(.text)
    .text                                    0x08005204   Section        0  delay.o(.text)
    .text                                    0x080052d8   Section        0  usart.o(.text)
    .text                                    0x08005418   Section       64  startup_stm32f10x_hd.o(.text)
    .text                                    0x08005458   Section        0  misc.o(.text)
    .text                                    0x08005534   Section        0  stm32f10x_fsmc.o(.text)
    .text                                    0x08005b40   Section        0  stm32f10x_gpio.o(.text)
    .text                                    0x08005e9c   Section        0  stm32f10x_rcc.o(.text)
    .text                                    0x08006240   Section        0  stm32f10x_usart.o(.text)
    .text                                    0x08006648   Section        0  stm32f10x_tim.o(.text)
    TI4_Config                               0x08006aef   Thumb Code   130  stm32f10x_tim.o(.text)
    TI3_Config                               0x08006b83   Thumb Code   122  stm32f10x_tim.o(.text)
    TI2_Config                               0x08006c17   Thumb Code   130  stm32f10x_tim.o(.text)
    TI1_Config                               0x08006cab   Thumb Code   108  stm32f10x_tim.o(.text)
    .text                                    0x08007462   Section        2  use_no_semi_2.o(.text)
    .text                                    0x08007464   Section        0  noretval__2printf.o(.text)
    .text                                    0x0800747c   Section        0  noretval__2sprintf.o(.text)
    .text                                    0x080074a4   Section        0  _printf_pad.o(.text)
    .text                                    0x080074f4   Section        0  _printf_dec.o(.text)
    .text                                    0x0800756c   Section        0  _printf_hex_int.o(.text)
    .text                                    0x080075c4   Section        0  __printf_flags_wp.o(.text)
    .text                                    0x080076fc   Section        0  heapauxi.o(.text)
    .text                                    0x08007702   Section        2  use_no_semi.o(.text)
    .text                                    0x08007704   Section        0  _printf_intcommon.o(.text)
    .text                                    0x080077b8   Section        0  _printf_char_common.o(.text)
    _printf_input_char                       0x080077b9   Thumb Code    10  _printf_char_common.o(.text)
    .text                                    0x080077e8   Section        0  _sputc.o(.text)
    .text                                    0x080077f4   Section        0  _printf_char_file.o(.text)
    .text                                    0x08007818   Section        0  ferror.o(.text)
    .text                                    0x08007820   Section       74  sys_stackheap_outer.o(.text)
    .text                                    0x0800786a   Section        0  exit.o(.text)
    .text                                    0x08007878   Section        8  libspace.o(.text)
    i._is_digit                              0x08007880   Section        0  __printf_wp.o(i._is_digit)
    x$fpl$dfixu                              0x08007890   Section       90  dfixu.o(x$fpl$dfixu)
    x$fpl$dfltu                              0x080078ea   Section       38  dflt_clz.o(x$fpl$dfltu)
    x$fpl$dmul                               0x08007910   Section      340  dmul.o(x$fpl$dmul)
    x$fpl$dnaninf                            0x08007a64   Section      156  dnaninf.o(x$fpl$dnaninf)
    x$fpl$dretinf                            0x08007b00   Section       12  dretinf.o(x$fpl$dretinf)
    .constdata                               0x08007b0c   Section     6080  lcd.o(.constdata)
    x$fpl$usenofp                            0x08007b0c   Section        0  usenofp.o(x$fpl$usenofp)
    .constdata                               0x080092cc   Section       40  _printf_hex_int.o(.constdata)
    uc_hextab                                0x080092cc   Data          20  _printf_hex_int.o(.constdata)
    lc_hextab                                0x080092e0   Data          20  _printf_hex_int.o(.constdata)
    .constdata                               0x080092f4   Section       17  __printf_flags_wp.o(.constdata)
    maptable                                 0x080092f4   Data          17  __printf_flags_wp.o(.constdata)
    .data                                    0x20000000   Section       88  main.o(.data)
    .data                                    0x20000058   Section       20  system_stm32f10x.o(.data)
    .data                                    0x2000006c   Section        4  lcd.o(.data)
    .data                                    0x20000070   Section        4  timer.o(.data)
    .data                                    0x20000074   Section        8  duqu.o(.data)
    .data                                    0x2000007c   Section        4  delay.o(.data)
    fac_us                                   0x2000007c   Data           1  delay.o(.data)
    fac_ms                                   0x2000007e   Data           2  delay.o(.data)
    .data                                    0x20000080   Section        6  usart.o(.data)
    .data                                    0x20000086   Section       20  stm32f10x_rcc.o(.data)
    APBAHBPrescTable                         0x20000086   Data          16  stm32f10x_rcc.o(.data)
    ADCPrescTable                            0x20000096   Data           4  stm32f10x_rcc.o(.data)
    .bss                                     0x2000009c   Section       14  lcd.o(.bss)
    .bss                                     0x200000ac   Section      180  draw.o(.bss)
    .bss                                     0x20000160   Section       12  duqu.o(.bss)
    .bss                                     0x2000016c   Section      200  usart.o(.bss)
    .bss                                     0x20000234   Section       96  libspace.o(.bss)
    HEAP                                     0x20000298   Section      512  startup_stm32f10x_hd.o(HEAP)
    Heap_Mem                                 0x20000298   Data         512  startup_stm32f10x_hd.o(HEAP)
    STACK                                    0x20000498   Section     1024  startup_stm32f10x_hd.o(STACK)
    Stack_Mem                                0x20000498   Data        1024  startup_stm32f10x_hd.o(STACK)
    __initial_sp                             0x20000898   Data           0  startup_stm32f10x_hd.o(STACK)

    Global Symbols

    Symbol Name                              Value     Ov Type        Size  Object(Section)

    BuildAttributes$$THM_ISAv4$P$D$K$B$S$PE$A:L22UL41UL21$X:L11$S22US41US21$IEEE1$IW$USESV6$~STKCKD$USESV7$~SHL$OSPACE$ROPI$EBA8$UX$STANDARDLIB$REQ8$PRES8$EABIv2 0x00000000   Number         0  anon$$obj.o ABSOLUTE
    __ARM_use_no_argv                        0x00000000   Number         0  main.o ABSOLUTE
    _printf_flags                            0x00000000   Number         0  printf_stubs.o ABSOLUTE
    _printf_return_value                     0x00000000   Number         0  printf_stubs.o ABSOLUTE
    _printf_sizespec                         0x00000000   Number         0  printf_stubs.o ABSOLUTE
    _printf_widthprec                        0x00000000   Number         0  printf_stubs.o ABSOLUTE
    __ARM_exceptions_init                     - Undefined Weak Reference
    __alloca_initialize                       - Undefined Weak Reference
    __arm_preinit_                            - Undefined Weak Reference
    __cpp_initialize__aeabi_                  - Undefined Weak Reference
    __cxa_finalize                            - Undefined Weak Reference
    __rt_locale                               - Undefined Weak Reference
    __sigvec_lookup                           - Undefined Weak Reference
    _atexit_init                              - Undefined Weak Reference
    _call_atexit_fns                          - Undefined Weak Reference
    _clock_init                               - Undefined Weak Reference
    _fp_trap_init                             - Undefined Weak Reference
    _fp_trap_shutdown                         - Undefined Weak Reference
    _get_lc_collate                           - Undefined Weak Reference
    _get_lc_ctype                             - Undefined Weak Reference
    _get_lc_monetary                          - Undefined Weak Reference
    _get_lc_numeric                           - Undefined Weak Reference
    _get_lc_time                              - Undefined Weak Reference
    _getenv_init                              - Undefined Weak Reference
    _handle_redirection                       - Undefined Weak Reference
    _init_alloc                               - Undefined Weak Reference
    _init_user_alloc                          - Undefined Weak Reference
    _initio                                   - Undefined Weak Reference
    _mutex_acquire                            - Undefined Weak Reference
    _mutex_release                            - Undefined Weak Reference
    _printf_truncate_signed                   - Undefined Weak Reference
    _printf_truncate_unsigned                 - Undefined Weak Reference
    _rand_init                                - Undefined Weak Reference
    _signal_finish                            - Undefined Weak Reference
    _signal_init                              - Undefined Weak Reference
    _terminate_alloc                          - Undefined Weak Reference
    _terminate_user_alloc                     - Undefined Weak Reference
    _terminateio                              - Undefined Weak Reference
    __Vectors_Size                           0x00000130   Number         0  startup_stm32f10x_hd.o ABSOLUTE
    __Vectors                                0x08000000   Data           4  startup_stm32f10x_hd.o(RESET)
    __Vectors_End                            0x08000130   Data           0  startup_stm32f10x_hd.o(RESET)
    __main                                   0x08000131   Thumb Code     8  __main.o(!!!main)
    __scatterload                            0x08000139   Thumb Code     0  __scatter.o(!!!scatter)
    __scatterload_rt2                        0x08000139   Thumb Code    44  __scatter.o(!!!scatter)
    __scatterload_rt2_thumb_only             0x08000139   Thumb Code     0  __scatter.o(!!!scatter)
    __scatterload_null                       0x08000147   Thumb Code     0  __scatter.o(!!!scatter)
    __scatterload_copy                       0x0800016d   Thumb Code    26  __scatter_copy.o(!!handler_copy)
    __scatterload_zeroinit                   0x08000189   Thumb Code    28  __scatter_zi.o(!!handler_zi)
    _printf_d                                0x080001a5   Thumb Code     0  _printf_d.o(.ARM.Collect$$_printf_percent$$00000009)
    _printf_percent                          0x080001a5   Thumb Code     0  _printf_percent.o(.ARM.Collect$$_printf_percent$$00000000)
    _printf_x                                0x080001ab   Thumb Code     0  _printf_x.o(.ARM.Collect$$_printf_percent$$0000000C)
    _printf_percent_end                      0x080001b1   Thumb Code     0  _printf_percent_end.o(.ARM.Collect$$_printf_percent$$00000017)
    __rt_lib_init                            0x080001b5   Thumb Code     0  libinit.o(.ARM.Collect$$libinit$$00000000)
    __rt_lib_init_alloca_1                   0x080001b7   Thumb Code     0  libinit2.o(.ARM.Collect$$libinit$$0000002E)
    __rt_lib_init_argv_1                     0x080001b7   Thumb Code     0  libinit2.o(.ARM.Collect$$libinit$$0000002C)
    __rt_lib_init_atexit_1                   0x080001b7   Thumb Code     0  libinit2.o(.ARM.Collect$$libinit$$0000001B)
    __rt_lib_init_clock_1                    0x080001b7   Thumb Code     0  libinit2.o(.ARM.Collect$$libinit$$00000021)
    __rt_lib_init_cpp_1                      0x080001b7   Thumb Code     0  libinit2.o(.ARM.Collect$$libinit$$00000032)
    __rt_lib_init_exceptions_1               0x080001b7   Thumb Code     0  libinit2.o(.ARM.Collect$$libinit$$00000030)
    __rt_lib_init_fp_1                       0x080001b7   Thumb Code     0  libinit2.o(.ARM.Collect$$libinit$$00000002)
    __rt_lib_init_fp_trap_1                  0x080001b7   Thumb Code     0  libinit2.o(.ARM.Collect$$libinit$$0000001F)
    __rt_lib_init_getenv_1                   0x080001b7   Thumb Code     0  libinit2.o(.ARM.Collect$$libinit$$00000023)
    __rt_lib_init_heap_1                     0x080001b7   Thumb Code     0  libinit2.o(.ARM.Collect$$libinit$$0000000A)
    __rt_lib_init_lc_collate_1               0x080001b7   Thumb Code     0  libinit2.o(.ARM.Collect$$libinit$$00000011)
    __rt_lib_init_lc_ctype_1                 0x080001b7   Thumb Code     0  libinit2.o(.ARM.Collect$$libinit$$00000013)
    __rt_lib_init_lc_monetary_1              0x080001b7   Thumb Code     0  libinit2.o(.ARM.Collect$$libinit$$00000015)
    __rt_lib_init_lc_numeric_1               0x080001b7   Thumb Code     0  libinit2.o(.ARM.Collect$$libinit$$00000017)
    __rt_lib_init_lc_time_1                  0x080001b7   Thumb Code     0  libinit2.o(.ARM.Collect$$libinit$$00000019)
    __rt_lib_init_preinit_1                  0x080001b7   Thumb Code     0  libinit2.o(.ARM.Collect$$libinit$$00000004)
    __rt_lib_init_rand_1                     0x080001b7   Thumb Code     0  libinit2.o(.ARM.Collect$$libinit$$0000000E)
    __rt_lib_init_return                     0x080001b7   Thumb Code     0  libinit2.o(.ARM.Collect$$libinit$$00000033)
    __rt_lib_init_signal_1                   0x080001b7   Thumb Code     0  libinit2.o(.ARM.Collect$$libinit$$0000001D)
    __rt_lib_init_stdio_1                    0x080001b7   Thumb Code     0  libinit2.o(.ARM.Collect$$libinit$$00000025)
    __rt_lib_init_user_alloc_1               0x080001b7   Thumb Code     0  libinit2.o(.ARM.Collect$$libinit$$0000000C)
    __rt_lib_shutdown                        0x080001b9   Thumb Code     0  libshutdown.o(.ARM.Collect$$libshutdown$$00000000)
    __rt_lib_shutdown_fp_trap_1              0x080001bb   Thumb Code     0  libshutdown2.o(.ARM.Collect$$libshutdown$$00000006)
    __rt_lib_shutdown_heap_1                 0x080001bb   Thumb Code     0  libshutdown2.o(.ARM.Collect$$libshutdown$$0000000E)
    __rt_lib_shutdown_return                 0x080001bb   Thumb Code     0  libshutdown2.o(.ARM.Collect$$libshutdown$$0000000F)
    __rt_lib_shutdown_signal_1               0x080001bb   Thumb Code     0  libshutdown2.o(.ARM.Collect$$libshutdown$$00000009)
    __rt_lib_shutdown_stdio_1                0x080001bb   Thumb Code     0  libshutdown2.o(.ARM.Collect$$libshutdown$$00000003)
    __rt_lib_shutdown_user_alloc_1           0x080001bb   Thumb Code     0  libshutdown2.o(.ARM.Collect$$libshutdown$$0000000B)
    __rt_entry                               0x080001bd   Thumb Code     0  __rtentry.o(.ARM.Collect$$rtentry$$00000000)
    __rt_entry_presh_1                       0x080001bd   Thumb Code     0  __rtentry2.o(.ARM.Collect$$rtentry$$00000002)
    __rt_entry_sh                            0x080001bd   Thumb Code     0  __rtentry4.o(.ARM.Collect$$rtentry$$00000004)
    __rt_entry_li                            0x080001c3   Thumb Code     0  __rtentry2.o(.ARM.Collect$$rtentry$$0000000A)
    __rt_entry_postsh_1                      0x080001c3   Thumb Code     0  __rtentry2.o(.ARM.Collect$$rtentry$$00000009)
    __rt_entry_main                          0x080001c7   Thumb Code     0  __rtentry2.o(.ARM.Collect$$rtentry$$0000000D)
    __rt_entry_postli_1                      0x080001c7   Thumb Code     0  __rtentry2.o(.ARM.Collect$$rtentry$$0000000C)
    __rt_exit                                0x080001cf   Thumb Code     0  rtexit.o(.ARM.Collect$$rtexit$$00000000)
    __rt_exit_ls                             0x080001d1   Thumb Code     0  rtexit2.o(.ARM.Collect$$rtexit$$00000003)
    __rt_exit_prels_1                        0x080001d1   Thumb Code     0  rtexit2.o(.ARM.Collect$$rtexit$$00000002)
    __rt_exit_exit                           0x080001d5   Thumb Code     0  rtexit2.o(.ARM.Collect$$rtexit$$00000004)
    delay                                    0x080001dd   Thumb Code    28  main.o(.text)
    main                                     0x080001f9   Thumb Code  1406  main.o(.text)
    NMI_Handler                              0x0800078d   Thumb Code     2  stm32f10x_it.o(.text)
    HardFault_Handler                        0x0800078f   Thumb Code     4  stm32f10x_it.o(.text)
    MemManage_Handler                        0x08000793   Thumb Code     4  stm32f10x_it.o(.text)
    BusFault_Handler                         0x08000797   Thumb Code     4  stm32f10x_it.o(.text)
    UsageFault_Handler                       0x0800079b   Thumb Code     4  stm32f10x_it.o(.text)
    SVC_Handler                              0x0800079f   Thumb Code     2  stm32f10x_it.o(.text)
    DebugMon_Handler                         0x080007a1   Thumb Code     2  stm32f10x_it.o(.text)
    PendSV_Handler                           0x080007a3   Thumb Code     2  stm32f10x_it.o(.text)
    SysTick_Handler                          0x080007a5   Thumb Code     2  stm32f10x_it.o(.text)
    SystemInit                               0x08000887   Thumb Code    78  system_stm32f10x.o(.text)
    SystemCoreClockUpdate                    0x080008d5   Thumb Code   142  system_stm32f10x.o(.text)
    LED_Init                                 0x08000989   Thumb Code    68  led.o(.text)
    LCD_WR_REG                               0x080009d5   Thumb Code     6  lcd.o(.text)
    LCD_WR_DATA                              0x080009db   Thumb Code     8  lcd.o(.text)
    LCD_RD_DATA                              0x080009e3   Thumb Code    16  lcd.o(.text)
    LCD_WriteReg                             0x080009f3   Thumb Code    10  lcd.o(.text)
    LCD_ReadReg                              0x080009fd   Thumb Code    22  lcd.o(.text)
    LCD_WriteRAM_Prepare                     0x08000a13   Thumb Code    10  lcd.o(.text)
    LCD_WriteRAM                             0x08000a1d   Thumb Code     8  lcd.o(.text)
    LCD_BGR2RGB                              0x08000a25   Thumb Code    26  lcd.o(.text)
    opt_delay                                0x08000a3f   Thumb Code    14  lcd.o(.text)
    LCD_SetCursor                            0x08000a4d   Thumb Code   282  lcd.o(.text)
    LCD_ReadPoint                            0x08000b67   Thumb Code   126  lcd.o(.text)
    LCD_DisplayOn                            0x08000be5   Thumb Code    32  lcd.o(.text)
    LCD_DisplayOff                           0x08000c05   Thumb Code    32  lcd.o(.text)
    LCD_Scan_Dir                             0x08000c25   Thumb Code   570  lcd.o(.text)
    LCD_DrawPoint                            0x08000e5f   Thumb Code    28  lcd.o(.text)
    LCD_Fast_DrawPoint                       0x08000e7b   Thumb Code   234  lcd.o(.text)
    LCD_SSD_BackLightSet                     0x08000f65   Thumb Code    80  lcd.o(.text)
    LCD_Display_Dir                          0x08000fb5   Thumb Code   298  lcd.o(.text)
    LCD_Set_Window                           0x080010df   Thumb Code   364  lcd.o(.text)
    LCD_Clear                                0x0800124b   Thumb Code    42  lcd.o(.text)
    LCD_Init                                 0x08001275   Thumb Code  9826  lcd.o(.text)
    LCD_Fill                                 0x080038d7   Thumb Code    80  lcd.o(.text)
    LCD_Color_Fill                           0x08003927   Thumb Code    92  lcd.o(.text)
    LCD_DrawLine                             0x08003983   Thumb Code   176  lcd.o(.text)
    LCD_DrawRectangle                        0x08003a33   Thumb Code    60  lcd.o(.text)
    LCD_Draw_Circle                          0x08003a6f   Thumb Code   152  lcd.o(.text)
    LCD_ShowChar                             0x08003b07   Thumb Code   284  lcd.o(.text)
    LCD_Pow                                  0x08003c23   Thumb Code    22  lcd.o(.text)
    LCD_ShowNum                              0x08003c39   Thumb Code   148  lcd.o(.text)
    LCD_ShowxNum                             0x08003ccd   Thumb Code   190  lcd.o(.text)
    LCD_ShowString                           0x08003d8b   Thumb Code   102  lcd.o(.text)
    LCD_ShowString3                          0x08003df1   Thumb Code   118  lcd.o(.text)
    anjian_init                              0x08003e81   Thumb Code    80  anjian.o(.text)
    key                                      0x08003ed1   Thumb Code   520  anjian.o(.text)
    draw_zhuye                               0x080040dd   Thumb Code   530  draw.o(.text)
    draw_pro                                 0x080042ef   Thumb Code   428  draw.o(.text)
    pro_define                               0x0800449b   Thumb Code   450  draw.o(.text)
    draw_add                                 0x0800465d   Thumb Code   218  draw.o(.text)
    draw_out                                 0x08004737   Thumb Code   180  draw.o(.text)
    draw_input_bianhao                       0x080047eb   Thumb Code   110  draw.o(.text)
    draw_input_number                        0x08004859   Thumb Code   110  draw.o(.text)
    draw_search                              0x080048c7   Thumb Code   290  draw.o(.text)
    draw_search_result                       0x080049e9   Thumb Code   350  draw.o(.text)
    draw_add_new_pro                         0x08004b47   Thumb Code   178  draw.o(.text)
    draw_input_name                          0x08004bf9   Thumb Code    62  draw.o(.text)
    draw_input_price                         0x08004c37   Thumb Code   110  draw.o(.text)
    define_name                              0x08004ca5   Thumb Code   170  draw.o(.text)
    TIM3_Int_Init                            0x08004d91   Thumb Code    90  timer.o(.text)
    TIM3_IRQHandler                          0x08004deb   Thumb Code   318  timer.o(.text)
    duqu                                     0x08004f75   Thumb Code    58  duqu.o(.text)
    duqu_zimu                                0x08004faf   Thumb Code   554  duqu.o(.text)
    duqu_init                                0x080051d9   Thumb Code    26  duqu.o(.text)
    delay_init                               0x08005205   Thumb Code    50  delay.o(.text)
    delay_us                                 0x08005237   Thumb Code    72  delay.o(.text)
    delay_ms                                 0x0800527f   Thumb Code    72  delay.o(.text)
    _sys_exit                                0x080052d9   Thumb Code     4  usart.o(.text)
    fputc                                    0x080052dd   Thumb Code    24  usart.o(.text)
    uart_init                                0x080052f5   Thumb Code   152  usart.o(.text)
    USART1_IRQHandler                        0x0800538d   Thumb Code   122  usart.o(.text)
    Reset_Handler                            0x08005419   Thumb Code     8  startup_stm32f10x_hd.o(.text)
    ADC1_2_IRQHandler                        0x08005433   Thumb Code     0  startup_stm32f10x_hd.o(.text)
    ADC3_IRQHandler                          0x08005433   Thumb Code     0  startup_stm32f10x_hd.o(.text)
    CAN1_RX1_IRQHandler                      0x08005433   Thumb Code     0  startup_stm32f10x_hd.o(.text)
    CAN1_SCE_IRQHandler                      0x08005433   Thumb Code     0  startup_stm32f10x_hd.o(.text)
    DMA1_Channel1_IRQHandler                 0x08005433   Thumb Code     0  startup_stm32f10x_hd.o(.text)
    DMA1_Channel2_IRQHandler                 0x08005433   Thumb Code     0  startup_stm32f10x_hd.o(.text)
    DMA1_Channel3_IRQHandler                 0x08005433   Thumb Code     0  startup_stm32f10x_hd.o(.text)
    DMA1_Channel4_IRQHandler                 0x08005433   Thumb Code     0  startup_stm32f10x_hd.o(.text)
    DMA1_Channel5_IRQHandler                 0x08005433   Thumb Code     0  startup_stm32f10x_hd.o(.text)
    DMA1_Channel6_IRQHandler                 0x08005433   Thumb Code     0  startup_stm32f10x_hd.o(.text)
    DMA1_Channel7_IRQHandler                 0x08005433   Thumb Code     0  startup_stm32f10x_hd.o(.text)
    DMA2_Channel1_IRQHandler                 0x08005433   Thumb Code     0  startup_stm32f10x_hd.o(.text)
    DMA2_Channel2_IRQHandler                 0x08005433   Thumb Code     0  startup_stm32f10x_hd.o(.text)
    DMA2_Channel3_IRQHandler                 0x08005433   Thumb Code     0  startup_stm32f10x_hd.o(.text)
    DMA2_Channel4_5_IRQHandler               0x08005433   Thumb Code     0  startup_stm32f10x_hd.o(.text)
    EXTI0_IRQHandler                         0x08005433   Thumb Code     0  startup_stm32f10x_hd.o(.text)
    EXTI15_10_IRQHandler                     0x08005433   Thumb Code     0  startup_stm32f10x_hd.o(.text)
    EXTI1_IRQHandler                         0x08005433   Thumb Code     0  startup_stm32f10x_hd.o(.text)
    EXTI2_IRQHandler                         0x08005433   Thumb Code     0  startup_stm32f10x_hd.o(.text)
    EXTI3_IRQHandler                         0x08005433   Thumb Code     0  startup_stm32f10x_hd.o(.text)
    EXTI4_IRQHandler                         0x08005433   Thumb Code     0  startup_stm32f10x_hd.o(.text)
    EXTI9_5_IRQHandler                       0x08005433   Thumb Code     0  startup_stm32f10x_hd.o(.text)
    FLASH_IRQHandler                         0x08005433   Thumb Code     0  startup_stm32f10x_hd.o(.text)
    FSMC_IRQHandler                          0x08005433   Thumb Code     0  startup_stm32f10x_hd.o(.text)
    I2C1_ER_IRQHandler                       0x08005433   Thumb Code     0  startup_stm32f10x_hd.o(.text)
    I2C1_EV_IRQHandler                       0x08005433   Thumb Code     0  startup_stm32f10x_hd.o(.text)
    I2C2_ER_IRQHandler                       0x08005433   Thumb Code     0  startup_stm32f10x_hd.o(.text)
    I2C2_EV_IRQHandler                       0x08005433   Thumb Code     0  startup_stm32f10x_hd.o(.text)
    PVD_IRQHandler                           0x08005433   Thumb Code     0  startup_stm32f10x_hd.o(.text)
    RCC_IRQHandler                           0x08005433   Thumb Code     0  startup_stm32f10x_hd.o(.text)
    RTCAlarm_IRQHandler                      0x08005433   Thumb Code     0  startup_stm32f10x_hd.o(.text)
    RTC_IRQHandler                           0x08005433   Thumb Code     0  startup_stm32f10x_hd.o(.text)
    SDIO_IRQHandler                          0x08005433   Thumb Code     0  startup_stm32f10x_hd.o(.text)
    SPI1_IRQHandler                          0x08005433   Thumb Code     0  startup_stm32f10x_hd.o(.text)
    SPI2_IRQHandler                          0x08005433   Thumb Code     0  startup_stm32f10x_hd.o(.text)
    SPI3_IRQHandler                          0x08005433   Thumb Code     0  startup_stm32f10x_hd.o(.text)
    TAMPER_IRQHandler                        0x08005433   Thumb Code     0  startup_stm32f10x_hd.o(.text)
    TIM1_BRK_IRQHandler                      0x08005433   Thumb Code     0  startup_stm32f10x_hd.o(.text)
    TIM1_CC_IRQHandler                       0x08005433   Thumb Code     0  startup_stm32f10x_hd.o(.text)
    TIM1_TRG_COM_IRQHandler                  0x08005433   Thumb Code     0  startup_stm32f10x_hd.o(.text)
    TIM1_UP_IRQHandler                       0x08005433   Thumb Code     0  startup_stm32f10x_hd.o(.text)
    TIM2_IRQHandler                          0x08005433   Thumb Code     0  startup_stm32f10x_hd.o(.text)
    TIM4_IRQHandler                          0x08005433   Thumb Code     0  startup_stm32f10x_hd.o(.text)
    TIM5_IRQHandler                          0x08005433   Thumb Code     0  startup_stm32f10x_hd.o(.text)
    TIM6_IRQHandler                          0x08005433   Thumb Code     0  startup_stm32f10x_hd.o(.text)
    TIM7_IRQHandler                          0x08005433   Thumb Code     0  startup_stm32f10x_hd.o(.text)
    TIM8_BRK_IRQHandler                      0x08005433   Thumb Code     0  startup_stm32f10x_hd.o(.text)
    TIM8_CC_IRQHandler                       0x08005433   Thumb Code     0  startup_stm32f10x_hd.o(.text)
    TIM8_TRG_COM_IRQHandler                  0x08005433   Thumb Code     0  startup_stm32f10x_hd.o(.text)
    TIM8_UP_IRQHandler                       0x08005433   Thumb Code     0  startup_stm32f10x_hd.o(.text)
    UART4_IRQHandler                         0x08005433   Thumb Code     0  startup_stm32f10x_hd.o(.text)
    UART5_IRQHandler                         0x08005433   Thumb Code     0  startup_stm32f10x_hd.o(.text)
    USART2_IRQHandler                        0x08005433   Thumb Code     0  startup_stm32f10x_hd.o(.text)
    USART3_IRQHandler                        0x08005433   Thumb Code     0  startup_stm32f10x_hd.o(.text)
    USBWakeUp_IRQHandler                     0x08005433   Thumb Code     0  startup_stm32f10x_hd.o(.text)
    USB_HP_CAN1_TX_IRQHandler                0x08005433   Thumb Code     0  startup_stm32f10x_hd.o(.text)
    USB_LP_CAN1_RX0_IRQHandler               0x08005433   Thumb Code     0  startup_stm32f10x_hd.o(.text)
    WWDG_IRQHandler                          0x08005433   Thumb Code     0  startup_stm32f10x_hd.o(.text)
    __user_initial_stackheap                 0x08005435   Thumb Code     0  startup_stm32f10x_hd.o(.text)
    NVIC_PriorityGroupConfig                 0x08005459   Thumb Code    10  misc.o(.text)
    NVIC_Init                                0x08005463   Thumb Code   100  misc.o(.text)
    NVIC_SetVectorTable                      0x080054c7   Thumb Code    14  misc.o(.text)
    NVIC_SystemLPConfig                      0x080054d5   Thumb Code    34  misc.o(.text)
    SysTick_CLKSourceConfig                  0x080054f7   Thumb Code    40  misc.o(.text)
    FSMC_NORSRAMDeInit                       0x08005535   Thumb Code    54  stm32f10x_fsmc.o(.text)
    FSMC_NANDDeInit                          0x0800556b   Thumb Code    62  stm32f10x_fsmc.o(.text)
    FSMC_PCCARDDeInit                        0x080055a9   Thumb Code    36  stm32f10x_fsmc.o(.text)
    FSMC_NORSRAMInit                         0x080055cd   Thumb Code   230  stm32f10x_fsmc.o(.text)
    FSMC_NANDInit                            0x080056b3   Thumb Code   132  stm32f10x_fsmc.o(.text)
    FSMC_PCCARDInit                          0x08005737   Thumb Code   130  stm32f10x_fsmc.o(.text)
    FSMC_NORSRAMStructInit                   0x080057b9   Thumb Code   114  stm32f10x_fsmc.o(.text)
    FSMC_NANDStructInit                      0x0800582b   Thumb Code    54  stm32f10x_fsmc.o(.text)
    FSMC_PCCARDStructInit                    0x08005861   Thumb Code    60  stm32f10x_fsmc.o(.text)
    FSMC_NORSRAMCmd                          0x0800589d   Thumb Code    46  stm32f10x_fsmc.o(.text)
    FSMC_NANDCmd                             0x080058cb   Thumb Code    86  stm32f10x_fsmc.o(.text)
    FSMC_PCCARDCmd                           0x08005921   Thumb Code    44  stm32f10x_fsmc.o(.text)
    FSMC_NANDECCCmd                          0x0800594d   Thumb Code    90  stm32f10x_fsmc.o(.text)
    FSMC_GetECC                              0x080059a7   Thumb Code    24  stm32f10x_fsmc.o(.text)
    FSMC_ITConfig                            0x080059bf   Thumb Code   128  stm32f10x_fsmc.o(.text)
    FSMC_GetFlagStatus                       0x08005a3f   Thumb Code    54  stm32f10x_fsmc.o(.text)
    FSMC_ClearFlag                           0x08005a75   Thumb Code    62  stm32f10x_fsmc.o(.text)
    FSMC_GetITStatus                         0x08005ab3   Thumb Code    64  stm32f10x_fsmc.o(.text)
    FSMC_ClearITPendingBit                   0x08005af3   Thumb Code    68  stm32f10x_fsmc.o(.text)
    GPIO_DeInit                              0x08005b41   Thumb Code   172  stm32f10x_gpio.o(.text)
    GPIO_AFIODeInit                          0x08005bed   Thumb Code    20  stm32f10x_gpio.o(.text)
    GPIO_Init                                0x08005c01   Thumb Code   278  stm32f10x_gpio.o(.text)
    GPIO_StructInit                          0x08005d17   Thumb Code    16  stm32f10x_gpio.o(.text)
    GPIO_ReadInputDataBit                    0x08005d27   Thumb Code    18  stm32f10x_gpio.o(.text)
    GPIO_ReadInputData                       0x08005d39   Thumb Code     8  stm32f10x_gpio.o(.text)
    GPIO_ReadOutputDataBit                   0x08005d41   Thumb Code    18  stm32f10x_gpio.o(.text)
    GPIO_ReadOutputData                      0x08005d53   Thumb Code     8  stm32f10x_gpio.o(.text)
    GPIO_SetBits                             0x08005d5b   Thumb Code     4  stm32f10x_gpio.o(.text)
    GPIO_ResetBits                           0x08005d5f   Thumb Code     4  stm32f10x_gpio.o(.text)
    GPIO_WriteBit                            0x08005d63   Thumb Code    10  stm32f10x_gpio.o(.text)
    GPIO_Write                               0x08005d6d   Thumb Code     4  stm32f10x_gpio.o(.text)
    GPIO_PinLockConfig                       0x08005d71   Thumb Code    18  stm32f10x_gpio.o(.text)
    GPIO_EventOutputConfig                   0x08005d83   Thumb Code    26  stm32f10x_gpio.o(.text)
    GPIO_EventOutputCmd                      0x08005d9d   Thumb Code     6  stm32f10x_gpio.o(.text)
    GPIO_PinRemapConfig                      0x08005da3   Thumb Code   138  stm32f10x_gpio.o(.text)
    GPIO_EXTILineConfig                      0x08005e2d   Thumb Code    66  stm32f10x_gpio.o(.text)
    GPIO_ETH_MediaInterfaceConfig            0x08005e6f   Thumb Code     8  stm32f10x_gpio.o(.text)
    RCC_DeInit                               0x08005e9d   Thumb Code    64  stm32f10x_rcc.o(.text)
    RCC_HSEConfig                            0x08005edd   Thumb Code    70  stm32f10x_rcc.o(.text)
    RCC_GetFlagStatus                        0x08005f23   Thumb Code    56  stm32f10x_rcc.o(.text)
    RCC_WaitForHSEStartUp                    0x08005f5b   Thumb Code    56  stm32f10x_rcc.o(.text)
    RCC_AdjustHSICalibrationValue            0x08005f93   Thumb Code    20  stm32f10x_rcc.o(.text)
    RCC_HSICmd                               0x08005fa7   Thumb Code     6  stm32f10x_rcc.o(.text)
    RCC_PLLConfig                            0x08005fad   Thumb Code    24  stm32f10x_rcc.o(.text)
    RCC_PLLCmd                               0x08005fc5   Thumb Code     6  stm32f10x_rcc.o(.text)
    RCC_SYSCLKConfig                         0x08005fcb   Thumb Code    18  stm32f10x_rcc.o(.text)
    RCC_GetSYSCLKSource                      0x08005fdd   Thumb Code    10  stm32f10x_rcc.o(.text)
    RCC_HCLKConfig                           0x08005fe7   Thumb Code    18  stm32f10x_rcc.o(.text)
    RCC_PCLK1Config                          0x08005ff9   Thumb Code    18  stm32f10x_rcc.o(.text)
    RCC_PCLK2Config                          0x0800600b   Thumb Code    20  stm32f10x_rcc.o(.text)
    RCC_ITConfig                             0x0800601f   Thumb Code    26  stm32f10x_rcc.o(.text)
    RCC_USBCLKConfig                         0x08006039   Thumb Code     8  stm32f10x_rcc.o(.text)
    RCC_ADCCLKConfig                         0x08006041   Thumb Code    18  stm32f10x_rcc.o(.text)
    RCC_LSEConfig                            0x08006053   Thumb Code    50  stm32f10x_rcc.o(.text)
    RCC_LSICmd                               0x08006085   Thumb Code     6  stm32f10x_rcc.o(.text)
    RCC_RTCCLKConfig                         0x0800608b   Thumb Code    12  stm32f10x_rcc.o(.text)
    RCC_RTCCLKCmd                            0x08006097   Thumb Code     8  stm32f10x_rcc.o(.text)
    RCC_GetClocksFreq                        0x0800609f   Thumb Code   192  stm32f10x_rcc.o(.text)
    RCC_AHBPeriphClockCmd                    0x0800615f   Thumb Code    26  stm32f10x_rcc.o(.text)
    RCC_APB2PeriphClockCmd                   0x08006179   Thumb Code    26  stm32f10x_rcc.o(.text)
    RCC_APB1PeriphClockCmd                   0x08006193   Thumb Code    26  stm32f10x_rcc.o(.text)
    RCC_APB2PeriphResetCmd                   0x080061ad   Thumb Code    26  stm32f10x_rcc.o(.text)
    RCC_APB1PeriphResetCmd                   0x080061c7   Thumb Code    26  stm32f10x_rcc.o(.text)
    RCC_BackupResetCmd                       0x080061e1   Thumb Code     8  stm32f10x_rcc.o(.text)
    RCC_ClockSecuritySystemCmd               0x080061e9   Thumb Code     6  stm32f10x_rcc.o(.text)
    RCC_MCOConfig                            0x080061ef   Thumb Code     6  stm32f10x_rcc.o(.text)
    RCC_ClearFlag                            0x080061f5   Thumb Code    14  stm32f10x_rcc.o(.text)
    RCC_GetITStatus                          0x08006203   Thumb Code    20  stm32f10x_rcc.o(.text)
    RCC_ClearITPendingBit                    0x08006217   Thumb Code     6  stm32f10x_rcc.o(.text)
    USART_DeInit                             0x08006241   Thumb Code   134  stm32f10x_usart.o(.text)
    USART_Init                               0x080062c7   Thumb Code   210  stm32f10x_usart.o(.text)
    USART_StructInit                         0x08006399   Thumb Code    24  stm32f10x_usart.o(.text)
    USART_ClockInit                          0x080063b1   Thumb Code    34  stm32f10x_usart.o(.text)
    USART_ClockStructInit                    0x080063d3   Thumb Code    12  stm32f10x_usart.o(.text)
    USART_Cmd                                0x080063df   Thumb Code    24  stm32f10x_usart.o(.text)
    USART_ITConfig                           0x080063f7   Thumb Code    74  stm32f10x_usart.o(.text)
    USART_DMACmd                             0x08006441   Thumb Code    18  stm32f10x_usart.o(.text)
    USART_SetAddress                         0x08006453   Thumb Code    18  stm32f10x_usart.o(.text)
    USART_WakeUpConfig                       0x08006465   Thumb Code    18  stm32f10x_usart.o(.text)
    USART_ReceiverWakeUpCmd                  0x08006477   Thumb Code    24  stm32f10x_usart.o(.text)
    USART_LINBreakDetectLengthConfig         0x0800648f   Thumb Code    18  stm32f10x_usart.o(.text)
    USART_LINCmd                             0x080064a1   Thumb Code    24  stm32f10x_usart.o(.text)
    USART_SendData                           0x080064b9   Thumb Code     8  stm32f10x_usart.o(.text)
    USART_ReceiveData                        0x080064c1   Thumb Code    10  stm32f10x_usart.o(.text)
    USART_SendBreak                          0x080064cb   Thumb Code    10  stm32f10x_usart.o(.text)
    USART_SetGuardTime                       0x080064d5   Thumb Code    16  stm32f10x_usart.o(.text)
    USART_SetPrescaler                       0x080064e5   Thumb Code    16  stm32f10x_usart.o(.text)
    USART_SmartCardCmd                       0x080064f5   Thumb Code    24  stm32f10x_usart.o(.text)
    USART_SmartCardNACKCmd                   0x0800650d   Thumb Code    24  stm32f10x_usart.o(.text)
    USART_HalfDuplexCmd                      0x08006525   Thumb Code    24  stm32f10x_usart.o(.text)
    USART_OverSampling8Cmd                   0x0800653d   Thumb Code    22  stm32f10x_usart.o(.text)
    USART_OneBitMethodCmd                    0x08006553   Thumb Code    24  stm32f10x_usart.o(.text)
    USART_IrDAConfig                         0x0800656b   Thumb Code    18  stm32f10x_usart.o(.text)
    USART_IrDACmd                            0x0800657d   Thumb Code    24  stm32f10x_usart.o(.text)
    USART_GetFlagStatus                      0x08006595   Thumb Code    26  stm32f10x_usart.o(.text)
    USART_ClearFlag                          0x080065af   Thumb Code    18  stm32f10x_usart.o(.text)
    USART_GetITStatus                        0x080065c1   Thumb Code    84  stm32f10x_usart.o(.text)
    USART_ClearITPendingBit                  0x08006615   Thumb Code    52  stm32f10x_usart.o(.text)
    TIM_DeInit                               0x08006649   Thumb Code   424  stm32f10x_tim.o(.text)
    TIM_TimeBaseInit                         0x080067f1   Thumb Code   122  stm32f10x_tim.o(.text)
    TIM_OC1Init                              0x0800686b   Thumb Code   132  stm32f10x_tim.o(.text)
    TIM_OC2Init                              0x080068ef   Thumb Code   154  stm32f10x_tim.o(.text)
    TIM_OC3Init                              0x08006989   Thumb Code   150  stm32f10x_tim.o(.text)
    TIM_OC4Init                              0x08006a1f   Thumb Code   182  stm32f10x_tim.o(.text)
    TIM_SetIC4Prescaler                      0x08006ad5   Thumb Code    26  stm32f10x_tim.o(.text)
    TIM_SetIC3Prescaler                      0x08006b71   Thumb Code    18  stm32f10x_tim.o(.text)
    TIM_SetIC2Prescaler                      0x08006bfd   Thumb Code    26  stm32f10x_tim.o(.text)
    TIM_SetIC1Prescaler                      0x08006c99   Thumb Code    18  stm32f10x_tim.o(.text)
    TIM_ICInit                               0x08006d17   Thumb Code   150  stm32f10x_tim.o(.text)
    TIM_PWMIConfig                           0x08006dad   Thumb Code   124  stm32f10x_tim.o(.text)
    TIM_BDTRConfig                           0x08006e29   Thumb Code    32  stm32f10x_tim.o(.text)
    TIM_TimeBaseStructInit                   0x08006e49   Thumb Code    18  stm32f10x_tim.o(.text)
    TIM_OCStructInit                         0x08006e5b   Thumb Code    20  stm32f10x_tim.o(.text)
    TIM_ICStructInit                         0x08006e6f   Thumb Code    18  stm32f10x_tim.o(.text)
    TIM_BDTRStructInit                       0x08006e81   Thumb Code    40  stm32f10x_tim.o(.text)
    TIM_Cmd                                  0x08006ea9   Thumb Code    24  stm32f10x_tim.o(.text)
    TIM_CtrlPWMOutputs                       0x08006ec1   Thumb Code    30  stm32f10x_tim.o(.text)
    TIM_ITConfig                             0x08006edf   Thumb Code    18  stm32f10x_tim.o(.text)
    TIM_GenerateEvent                        0x08006ef1   Thumb Code     4  stm32f10x_tim.o(.text)
    TIM_DMAConfig                            0x08006ef5   Thumb Code    10  stm32f10x_tim.o(.text)
    TIM_DMACmd                               0x08006eff   Thumb Code    18  stm32f10x_tim.o(.text)
    TIM_InternalClockConfig                  0x08006f11   Thumb Code    12  stm32f10x_tim.o(.text)
    TIM_SelectInputTrigger                   0x08006f1d   Thumb Code    18  stm32f10x_tim.o(.text)
    TIM_ITRxExternalClockConfig              0x08006f2f   Thumb Code    24  stm32f10x_tim.o(.text)
    TIM_TIxExternalClockConfig               0x08006f47   Thumb Code    62  stm32f10x_tim.o(.text)
    TIM_ETRConfig                            0x08006f85   Thumb Code    28  stm32f10x_tim.o(.text)
    TIM_ETRClockMode1Config                  0x08006fa1   Thumb Code    54  stm32f10x_tim.o(.text)
    TIM_ETRClockMode2Config                  0x08006fd7   Thumb Code    32  stm32f10x_tim.o(.text)
    TIM_PrescalerConfig                      0x08006ff7   Thumb Code     6  stm32f10x_tim.o(.text)
    TIM_CounterModeConfig                    0x08006ffd   Thumb Code    18  stm32f10x_tim.o(.text)
    TIM_EncoderInterfaceConfig               0x0800700f   Thumb Code    66  stm32f10x_tim.o(.text)
    TIM_ForcedOC1Config                      0x08007051   Thumb Code    18  stm32f10x_tim.o(.text)
    TIM_ForcedOC2Config                      0x08007063   Thumb Code    26  stm32f10x_tim.o(.text)
    TIM_ForcedOC3Config                      0x0800707d   Thumb Code    18  stm32f10x_tim.o(.text)
    TIM_ForcedOC4Config                      0x0800708f   Thumb Code    26  stm32f10x_tim.o(.text)
    TIM_ARRPreloadConfig                     0x080070a9   Thumb Code    24  stm32f10x_tim.o(.text)
    TIM_SelectCOM                            0x080070c1   Thumb Code    24  stm32f10x_tim.o(.text)
    TIM_SelectCCDMA                          0x080070d9   Thumb Code    24  stm32f10x_tim.o(.text)
    TIM_CCPreloadControl                     0x080070f1   Thumb Code    24  stm32f10x_tim.o(.text)
    TIM_OC1PreloadConfig                     0x08007109   Thumb Code    18  stm32f10x_tim.o(.text)
    TIM_OC2PreloadConfig                     0x0800711b   Thumb Code    26  stm32f10x_tim.o(.text)
    TIM_OC3PreloadConfig                     0x08007135   Thumb Code    18  stm32f10x_tim.o(.text)
    TIM_OC4PreloadConfig                     0x08007147   Thumb Code    26  stm32f10x_tim.o(.text)
    TIM_OC1FastConfig                        0x08007161   Thumb Code    18  stm32f10x_tim.o(.text)
    TIM_OC2FastConfig                        0x08007173   Thumb Code    26  stm32f10x_tim.o(.text)
    TIM_OC3FastConfig                        0x0800718d   Thumb Code    18  stm32f10x_tim.o(.text)
    TIM_OC4FastConfig                        0x0800719f   Thumb Code    26  stm32f10x_tim.o(.text)
    TIM_ClearOC1Ref                          0x080071b9   Thumb Code    18  stm32f10x_tim.o(.text)
    TIM_ClearOC2Ref                          0x080071cb   Thumb Code    24  stm32f10x_tim.o(.text)
    TIM_ClearOC3Ref                          0x080071e3   Thumb Code    18  stm32f10x_tim.o(.text)
    TIM_ClearOC4Ref                          0x080071f5   Thumb Code    24  stm32f10x_tim.o(.text)
    TIM_OC1PolarityConfig                    0x0800720d   Thumb Code    18  stm32f10x_tim.o(.text)
    TIM_OC1NPolarityConfig                   0x0800721f   Thumb Code    18  stm32f10x_tim.o(.text)
    TIM_OC2PolarityConfig                    0x08007231   Thumb Code    26  stm32f10x_tim.o(.text)
    TIM_OC2NPolarityConfig                   0x0800724b   Thumb Code    26  stm32f10x_tim.o(.text)
    TIM_OC3PolarityConfig                    0x08007265   Thumb Code    26  stm32f10x_tim.o(.text)
    TIM_OC3NPolarityConfig                   0x0800727f   Thumb Code    26  stm32f10x_tim.o(.text)
    TIM_OC4PolarityConfig                    0x08007299   Thumb Code    26  stm32f10x_tim.o(.text)
    TIM_CCxCmd                               0x080072b3   Thumb Code    30  stm32f10x_tim.o(.text)
    TIM_CCxNCmd                              0x080072d1   Thumb Code    30  stm32f10x_tim.o(.text)
    TIM_SelectOCxM                           0x080072ef   Thumb Code    82  stm32f10x_tim.o(.text)
    TIM_UpdateDisableConfig                  0x08007341   Thumb Code    24  stm32f10x_tim.o(.text)
    TIM_UpdateRequestConfig                  0x08007359   Thumb Code    24  stm32f10x_tim.o(.text)
    TIM_SelectHallSensor                     0x08007371   Thumb Code    24  stm32f10x_tim.o(.text)
    TIM_SelectOnePulseMode                   0x08007389   Thumb Code    18  stm32f10x_tim.o(.text)
    TIM_SelectOutputTrigger                  0x0800739b   Thumb Code    18  stm32f10x_tim.o(.text)
    TIM_SelectSlaveMode                      0x080073ad   Thumb Code    18  stm32f10x_tim.o(.text)
    TIM_SelectMasterSlaveMode                0x080073bf   Thumb Code    18  stm32f10x_tim.o(.text)
    TIM_SetCounter                           0x080073d1   Thumb Code     4  stm32f10x_tim.o(.text)
    TIM_SetAutoreload                        0x080073d5   Thumb Code     4  stm32f10x_tim.o(.text)
    TIM_SetCompare1                          0x080073d9   Thumb Code     4  stm32f10x_tim.o(.text)
    TIM_SetCompare2                          0x080073dd   Thumb Code     4  stm32f10x_tim.o(.text)
    TIM_SetCompare3                          0x080073e1   Thumb Code     4  stm32f10x_tim.o(.text)
    TIM_SetCompare4                          0x080073e5   Thumb Code     6  stm32f10x_tim.o(.text)
    TIM_SetClockDivision                     0x080073eb   Thumb Code    18  stm32f10x_tim.o(.text)
    TIM_GetCapture1                          0x080073fd   Thumb Code     6  stm32f10x_tim.o(.text)
    TIM_GetCapture2                          0x08007403   Thumb Code     6  stm32f10x_tim.o(.text)
    TIM_GetCapture3                          0x08007409   Thumb Code     6  stm32f10x_tim.o(.text)
    TIM_GetCapture4                          0x0800740f   Thumb Code     8  stm32f10x_tim.o(.text)
    TIM_GetCounter                           0x08007417   Thumb Code     6  stm32f10x_tim.o(.text)
    TIM_GetPrescaler                         0x0800741d   Thumb Code     6  stm32f10x_tim.o(.text)
    TIM_GetFlagStatus                        0x08007423   Thumb Code    18  stm32f10x_tim.o(.text)
    TIM_ClearFlag                            0x08007435   Thumb Code     6  stm32f10x_tim.o(.text)
    TIM_GetITStatus                          0x0800743b   Thumb Code    34  stm32f10x_tim.o(.text)
    TIM_ClearITPendingBit                    0x0800745d   Thumb Code     6  stm32f10x_tim.o(.text)
    __use_no_semihosting                     0x08007463   Thumb Code     2  use_no_semi_2.o(.text)
    __2printf                                0x08007465   Thumb Code    20  noretval__2printf.o(.text)
    __2sprintf                               0x0800747d   Thumb Code    34  noretval__2sprintf.o(.text)
    _printf_pre_padding                      0x080074a5   Thumb Code    44  _printf_pad.o(.text)
    _printf_post_padding                     0x080074d1   Thumb Code    34  _printf_pad.o(.text)
    _printf_int_dec                          0x080074f5   Thumb Code   104  _printf_dec.o(.text)
    _printf_int_hex                          0x0800756d   Thumb Code    84  _printf_hex_int.o(.text)
    _printf_longlong_hex                     0x0800756d   Thumb Code     0  _printf_hex_int.o(.text)
    __printf                                 0x080075c5   Thumb Code   308  __printf_flags_wp.o(.text)
    __use_two_region_memory                  0x080076fd   Thumb Code     2  heapauxi.o(.text)
    __rt_heap_escrow$2region                 0x080076ff   Thumb Code     2  heapauxi.o(.text)
    __rt_heap_expand$2region                 0x08007701   Thumb Code     2  heapauxi.o(.text)
    __I$use$semihosting                      0x08007703   Thumb Code     0  use_no_semi.o(.text)
    __use_no_semihosting_swi                 0x08007703   Thumb Code     2  use_no_semi.o(.text)
    _printf_int_common                       0x08007705   Thumb Code   178  _printf_intcommon.o(.text)
    _printf_char_common                      0x080077c3   Thumb Code    32  _printf_char_common.o(.text)
    _sputc                                   0x080077e9   Thumb Code    10  _sputc.o(.text)
    _printf_char_file                        0x080077f5   Thumb Code    32  _printf_char_file.o(.text)
    ferror                                   0x08007819   Thumb Code     8  ferror.o(.text)
    __user_setup_stackheap                   0x08007821   Thumb Code    74  sys_stackheap_outer.o(.text)
    exit                                     0x0800786b   Thumb Code    12  exit.o(.text)
    __user_libspace                          0x08007879   Thumb Code     8  libspace.o(.text)
    __user_perproc_libspace                  0x08007879   Thumb Code     0  libspace.o(.text)
    __user_perthread_libspace                0x08007879   Thumb Code     0  libspace.o(.text)
    _is_digit                                0x08007881   Thumb Code    14  __printf_wp.o(i._is_digit)
    __aeabi_d2uiz                            0x08007891   Thumb Code     0  dfixu.o(x$fpl$dfixu)
    _dfixu                                   0x08007891   Thumb Code    90  dfixu.o(x$fpl$dfixu)
    __aeabi_ui2d                             0x080078eb   Thumb Code     0  dflt_clz.o(x$fpl$dfltu)
    _dfltu                                   0x080078eb   Thumb Code    38  dflt_clz.o(x$fpl$dfltu)
    __aeabi_dmul                             0x08007911   Thumb Code     0  dmul.o(x$fpl$dmul)
    _dmul                                    0x08007911   Thumb Code   332  dmul.o(x$fpl$dmul)
    __fpl_dnaninf                            0x08007a65   Thumb Code   156  dnaninf.o(x$fpl$dnaninf)
    __fpl_dretinf                            0x08007b01   Thumb Code    12  dretinf.o(x$fpl$dretinf)
    __I$use$fp                               0x08007b0c   Number         0  usenofp.o(x$fpl$usenofp)
    asc2_1206                                0x08007b0c   Data        1140  lcd.o(.constdata)
    asc2_1608                                0x08007f80   Data        1520  lcd.o(.constdata)
    asc2_2412                                0x08008570   Data        3420  lcd.o(.constdata)
    Region$$Table$$Base                      0x08009308   Number         0  anon$$obj.o(Region$$Table)
    Region$$Table$$Limit                     0x08009328   Number         0  anon$$obj.o(Region$$Table)
    add                                      0x20000000   Data           4  main.o(.data)
    out                                      0x20000004   Data           4  main.o(.data)
    apple_number                             0x20000008   Data           4  main.o(.data)
    pen_number                               0x2000000c   Data           4  main.o(.data)
    pro3_number                              0x20000010   Data           4  main.o(.data)
    pro4_number                              0x20000014   Data           4  main.o(.data)
    pro5_number                              0x20000018   Data           4  main.o(.data)
    pro6_number                              0x2000001c   Data           4  main.o(.data)
    pro7_number                              0x20000020   Data           4  main.o(.data)
    pro8_number                              0x20000024   Data           4  main.o(.data)
    pro3_price                               0x20000028   Data           4  main.o(.data)
    pro4_price                               0x2000002c   Data           4  main.o(.data)
    pro5_price                               0x20000030   Data           4  main.o(.data)
    pro6_price                               0x20000034   Data           4  main.o(.data)
    pro7_price                               0x20000038   Data           4  main.o(.data)
    pro8_price                               0x2000003c   Data           4  main.o(.data)
    pro3_name                                0x20000040   Data           3  main.o(.data)
    pro4_name                                0x20000043   Data           3  main.o(.data)
    pro5_name                                0x20000046   Data           3  main.o(.data)
    pro6_name                                0x20000049   Data           3  main.o(.data)
    pro7_name                                0x2000004c   Data           3  main.o(.data)
    pro8_name                                0x2000004f   Data           3  main.o(.data)
    pro_number                               0x20000054   Data           4  main.o(.data)
    SystemCoreClock                          0x20000058   Data           4  system_stm32f10x.o(.data)
    AHBPrescTable                            0x2000005c   Data          16  system_stm32f10x.o(.data)
    POINT_COLOR                              0x2000006c   Data           2  lcd.o(.data)
    BACK_COLOR                               0x2000006e   Data           2  lcd.o(.data)
    anjian_number                            0x20000070   Data           4  timer.o(.data)
    duqu_name                                0x20000074   Data           3  duqu.o(.data)
    i                                        0x20000078   Data           4  duqu.o(.data)
    __stdout                                 0x20000080   Data           4  usart.o(.data)
    USART_RX_STA                             0x20000084   Data           2  usart.o(.data)
    lcddev                                   0x2000009c   Data          14  lcd.o(.bss)
    pro                                      0x200000ac   Data         180  draw.o(.bss)
    duqu_number                              0x20000160   Data          12  duqu.o(.bss)
    USART_RX_BUF                             0x2000016c   Data         200  usart.o(.bss)
    __libspace_start                         0x20000234   Data          96  libspace.o(.bss)
    __temporary_stack_top$libspace           0x20000294   Data           0  libspace.o(.bss)



==============================================================================

Memory Map of the image

  Image Entry point : 0x08000131

  Load Region LR_IROM1 (Base: 0x08000000, Size: 0x000093c4, Max: 0x00080000, ABSOLUTE)

    Execution Region ER_IROM1 (Exec base: 0x08000000, Load base: 0x08000000, Size: 0x00009328, Max: 0x00080000, ABSOLUTE)

    Exec Addr    Load Addr    Size         Type   Attr      Idx    E Section Name        Object

    0x08000000   0x08000000   0x00000130   Data   RO          387    RESET               startup_stm32f10x_hd.o
    0x08000130   0x08000130   0x00000008   Code   RO          530  * !!!main             c_w.l(__main.o)
    0x08000138   0x08000138   0x00000034   Code   RO          716    !!!scatter          c_w.l(__scatter.o)
    0x0800016c   0x0800016c   0x0000001a   Code   RO          718    !!handler_copy      c_w.l(__scatter_copy.o)
    0x08000186   0x08000186   0x00000002   PAD
    0x08000188   0x08000188   0x0000001c   Code   RO          720    !!handler_zi        c_w.l(__scatter_zi.o)
    0x080001a4   0x080001a4   0x00000000   Code   RO          527    .ARM.Collect$$_printf_percent$$00000000  c_w.l(_printf_percent.o)
    0x080001a4   0x080001a4   0x00000006   Code   RO          526    .ARM.Collect$$_printf_percent$$00000009  c_w.l(_printf_d.o)
    0x080001aa   0x080001aa   0x00000006   Code   RO          525    .ARM.Collect$$_printf_percent$$0000000C  c_w.l(_printf_x.o)
    0x080001b0   0x080001b0   0x00000004   Code   RO          555    .ARM.Collect$$_printf_percent$$00000017  c_w.l(_printf_percent_end.o)
    0x080001b4   0x080001b4   0x00000002   Code   RO          591    .ARM.Collect$$libinit$$00000000  c_w.l(libinit.o)
    0x080001b6   0x080001b6   0x00000000   Code   RO          598    .ARM.Collect$$libinit$$00000002  c_w.l(libinit2.o)
    0x080001b6   0x080001b6   0x00000000   Code   RO          600    .ARM.Collect$$libinit$$00000004  c_w.l(libinit2.o)
    0x080001b6   0x080001b6   0x00000000   Code   RO          603    .ARM.Collect$$libinit$$0000000A  c_w.l(libinit2.o)
    0x080001b6   0x080001b6   0x00000000   Code   RO          605    .ARM.Collect$$libinit$$0000000C  c_w.l(libinit2.o)
    0x080001b6   0x080001b6   0x00000000   Code   RO          607    .ARM.Collect$$libinit$$0000000E  c_w.l(libinit2.o)
    0x080001b6   0x080001b6   0x00000000   Code   RO          610    .ARM.Collect$$libinit$$00000011  c_w.l(libinit2.o)
    0x080001b6   0x080001b6   0x00000000   Code   RO          612    .ARM.Collect$$libinit$$00000013  c_w.l(libinit2.o)
    0x080001b6   0x080001b6   0x00000000   Code   RO          614    .ARM.Collect$$libinit$$00000015  c_w.l(libinit2.o)
    0x080001b6   0x080001b6   0x00000000   Code   RO          616    .ARM.Collect$$libinit$$00000017  c_w.l(libinit2.o)
    0x080001b6   0x080001b6   0x00000000   Code   RO          618    .ARM.Collect$$libinit$$00000019  c_w.l(libinit2.o)
    0x080001b6   0x080001b6   0x00000000   Code   RO          620    .ARM.Collect$$libinit$$0000001B  c_w.l(libinit2.o)
    0x080001b6   0x080001b6   0x00000000   Code   RO          622    .ARM.Collect$$libinit$$0000001D  c_w.l(libinit2.o)
    0x080001b6   0x080001b6   0x00000000   Code   RO          624    .ARM.Collect$$libinit$$0000001F  c_w.l(libinit2.o)
    0x080001b6   0x080001b6   0x00000000   Code   RO          626    .ARM.Collect$$libinit$$00000021  c_w.l(libinit2.o)
    0x080001b6   0x080001b6   0x00000000   Code   RO          628    .ARM.Collect$$libinit$$00000023  c_w.l(libinit2.o)
    0x080001b6   0x080001b6   0x00000000   Code   RO          630    .ARM.Collect$$libinit$$00000025  c_w.l(libinit2.o)
    0x080001b6   0x080001b6   0x00000000   Code   RO          634    .ARM.Collect$$libinit$$0000002C  c_w.l(libinit2.o)
    0x080001b6   0x080001b6   0x00000000   Code   RO          636    .ARM.Collect$$libinit$$0000002E  c_w.l(libinit2.o)
    0x080001b6   0x080001b6   0x00000000   Code   RO          638    .ARM.Collect$$libinit$$00000030  c_w.l(libinit2.o)
    0x080001b6   0x080001b6   0x00000000   Code   RO          640    .ARM.Collect$$libinit$$00000032  c_w.l(libinit2.o)
    0x080001b6   0x080001b6   0x00000002   Code   RO          641    .ARM.Collect$$libinit$$00000033  c_w.l(libinit2.o)
    0x080001b8   0x080001b8   0x00000002   Code   RO          659    .ARM.Collect$$libshutdown$$00000000  c_w.l(libshutdown.o)
    0x080001ba   0x080001ba   0x00000000   Code   RO          670    .ARM.Collect$$libshutdown$$00000003  c_w.l(libshutdown2.o)
    0x080001ba   0x080001ba   0x00000000   Code   RO          673    .ARM.Collect$$libshutdown$$00000006  c_w.l(libshutdown2.o)
    0x080001ba   0x080001ba   0x00000000   Code   RO          676    .ARM.Collect$$libshutdown$$00000009  c_w.l(libshutdown2.o)
    0x080001ba   0x080001ba   0x00000000   Code   RO          678    .ARM.Collect$$libshutdown$$0000000B  c_w.l(libshutdown2.o)
    0x080001ba   0x080001ba   0x00000000   Code   RO          681    .ARM.Collect$$libshutdown$$0000000E  c_w.l(libshutdown2.o)
    0x080001ba   0x080001ba   0x00000002   Code   RO          682    .ARM.Collect$$libshutdown$$0000000F  c_w.l(libshutdown2.o)
    0x080001bc   0x080001bc   0x00000000   Code   RO          546    .ARM.Collect$$rtentry$$00000000  c_w.l(__rtentry.o)
    0x080001bc   0x080001bc   0x00000000   Code   RO          562    .ARM.Collect$$rtentry$$00000002  c_w.l(__rtentry2.o)
    0x080001bc   0x080001bc   0x00000006   Code   RO          574    .ARM.Collect$$rtentry$$00000004  c_w.l(__rtentry4.o)
    0x080001c2   0x080001c2   0x00000000   Code   RO          564    .ARM.Collect$$rtentry$$00000009  c_w.l(__rtentry2.o)
    0x080001c2   0x080001c2   0x00000004   Code   RO          565    .ARM.Collect$$rtentry$$0000000A  c_w.l(__rtentry2.o)
    0x080001c6   0x080001c6   0x00000000   Code   RO          567    .ARM.Collect$$rtentry$$0000000C  c_w.l(__rtentry2.o)
    0x080001c6   0x080001c6   0x00000008   Code   RO          568    .ARM.Collect$$rtentry$$0000000D  c_w.l(__rtentry2.o)
    0x080001ce   0x080001ce   0x00000002   Code   RO          595    .ARM.Collect$$rtexit$$00000000  c_w.l(rtexit.o)
    0x080001d0   0x080001d0   0x00000000   Code   RO          643    .ARM.Collect$$rtexit$$00000002  c_w.l(rtexit2.o)
    0x080001d0   0x080001d0   0x00000004   Code   RO          644    .ARM.Collect$$rtexit$$00000003  c_w.l(rtexit2.o)
    0x080001d4   0x080001d4   0x00000006   Code   RO          645    .ARM.Collect$$rtexit$$00000004  c_w.l(rtexit2.o)
    0x080001da   0x080001da   0x00000002   PAD
    0x080001dc   0x080001dc   0x000005b0   Code   RO            1    .text               main.o
    0x0800078c   0x0800078c   0x0000001a   Code   RO          148    .text               stm32f10x_it.o
    0x080007a6   0x080007a6   0x00000002   PAD
    0x080007a8   0x080007a8   0x000001e0   Code   RO          189    .text               system_stm32f10x.o
    0x08000988   0x08000988   0x0000004c   Code   RO          207    .text               led.o
    0x080009d4   0x080009d4   0x000034ac   Code   RO          232    .text               lcd.o
    0x08003e80   0x08003e80   0x0000025c   Code   RO          255    .text               anjian.o
    0x080040dc   0x080040dc   0x00000cb4   Code   RO          267    .text               draw.o
    0x08004d90   0x08004d90   0x000001e4   Code   RO          286    .text               timer.o
    0x08004f74   0x08004f74   0x00000290   Code   RO          304    .text               duqu.o
    0x08005204   0x08005204   0x000000d4   Code   RO          321    .text               delay.o
    0x080052d8   0x080052d8   0x00000140   Code   RO          352    .text               usart.o
    0x08005418   0x08005418   0x00000040   Code   RO          388    .text               startup_stm32f10x_hd.o
    0x08005458   0x08005458   0x000000dc   Code   RO          392    .text               misc.o
    0x08005534   0x08005534   0x0000060c   Code   RO          404    .text               stm32f10x_fsmc.o
    0x08005b40   0x08005b40   0x0000035c   Code   RO          416    .text               stm32f10x_gpio.o
    0x08005e9c   0x08005e9c   0x000003a4   Code   RO          428    .text               stm32f10x_rcc.o
    0x08006240   0x08006240   0x00000408   Code   RO          442    .text               stm32f10x_usart.o
    0x08006648   0x08006648   0x00000e1a   Code   RO          454    .text               stm32f10x_tim.o
    0x08007462   0x08007462   0x00000002   Code   RO          468    .text               c_w.l(use_no_semi_2.o)
    0x08007464   0x08007464   0x00000018   Code   RO          474    .text               c_w.l(noretval__2printf.o)
    0x0800747c   0x0800747c   0x00000028   Code   RO          476    .text               c_w.l(noretval__2sprintf.o)
    0x080074a4   0x080074a4   0x0000004e   Code   RO          480    .text               c_w.l(_printf_pad.o)
    0x080074f2   0x080074f2   0x00000002   PAD
    0x080074f4   0x080074f4   0x00000078   Code   RO          482    .text               c_w.l(_printf_dec.o)
    0x0800756c   0x0800756c   0x00000058   Code   RO          487    .text               c_w.l(_printf_hex_int.o)
    0x080075c4   0x080075c4   0x00000138   Code   RO          517    .text               c_w.l(__printf_flags_wp.o)
    0x080076fc   0x080076fc   0x00000006   Code   RO          528    .text               c_w.l(heapauxi.o)
    0x08007702   0x08007702   0x00000002   Code   RO          544    .text               c_w.l(use_no_semi.o)
    0x08007704   0x08007704   0x000000b2   Code   RO          547    .text               c_w.l(_printf_intcommon.o)
    0x080077b6   0x080077b6   0x00000002   PAD
    0x080077b8   0x080077b8   0x00000030   Code   RO          549    .text               c_w.l(_printf_char_common.o)
    0x080077e8   0x080077e8   0x0000000a   Code   RO          551    .text               c_w.l(_sputc.o)
    0x080077f2   0x080077f2   0x00000002   PAD
    0x080077f4   0x080077f4   0x00000024   Code   RO          553    .text               c_w.l(_printf_char_file.o)
    0x08007818   0x08007818   0x00000008   Code   RO          578    .text               c_w.l(ferror.o)
    0x08007820   0x08007820   0x0000004a   Code   RO          582    .text               c_w.l(sys_stackheap_outer.o)
    0x0800786a   0x0800786a   0x0000000c   Code   RO          584    .text               c_w.l(exit.o)
    0x08007876   0x08007876   0x00000002   PAD
    0x08007878   0x08007878   0x00000008   Code   RO          592    .text               c_w.l(libspace.o)
    0x08007880   0x08007880   0x0000000e   Code   RO          515    i._is_digit         c_w.l(__printf_wp.o)
    0x0800788e   0x0800788e   0x00000002   PAD
    0x08007890   0x08007890   0x0000005a   Code   RO          532    x$fpl$dfixu         fz_ws.l(dfixu.o)
    0x080078ea   0x080078ea   0x00000026   Code   RO          536    x$fpl$dfltu         fz_ws.l(dflt_clz.o)
    0x08007910   0x08007910   0x00000154   Code   RO          542    x$fpl$dmul          fz_ws.l(dmul.o)
    0x08007a64   0x08007a64   0x0000009c   Code   RO          556    x$fpl$dnaninf       fz_ws.l(dnaninf.o)
    0x08007b00   0x08007b00   0x0000000c   Code   RO          558    x$fpl$dretinf       fz_ws.l(dretinf.o)
    0x08007b0c   0x08007b0c   0x00000000   Code   RO          560    x$fpl$usenofp       fz_ws.l(usenofp.o)
    0x08007b0c   0x08007b0c   0x000017c0   Data   RO          234    .constdata          lcd.o
    0x080092cc   0x080092cc   0x00000028   Data   RO          488    .constdata          c_w.l(_printf_hex_int.o)
    0x080092f4   0x080092f4   0x00000011   Data   RO          518    .constdata          c_w.l(__printf_flags_wp.o)
    0x08009305   0x08009305   0x00000003   PAD
    0x08009308   0x08009308   0x00000020   Data   RO          714    Region$$Table       anon$$obj.o


    Execution Region RW_IRAM1 (Exec base: 0x20000000, Load base: 0x08009328, Size: 0x00000898, Max: 0x00010000, ABSOLUTE)

    Exec Addr    Load Addr    Size         Type   Attr      Idx    E Section Name        Object

    0x20000000   0x08009328   0x00000058   Data   RW            2    .data               main.o
    0x20000058   0x08009380   0x00000014   Data   RW          190    .data               system_stm32f10x.o
    0x2000006c   0x08009394   0x00000004   Data   RW          235    .data               lcd.o
    0x20000070   0x08009398   0x00000004   Data   RW          287    .data               timer.o
    0x20000074   0x0800939c   0x00000008   Data   RW          306    .data               duqu.o
    0x2000007c   0x080093a4   0x00000004   Data   RW          322    .data               delay.o
    0x20000080   0x080093a8   0x00000006   Data   RW          354    .data               usart.o
    0x20000086   0x080093ae   0x00000014   Data   RW          429    .data               stm32f10x_rcc.o
    0x2000009a   0x080093c2   0x00000002   PAD
    0x2000009c        -       0x0000000e   Zero   RW          233    .bss                lcd.o
    0x200000aa   0x080093c2   0x00000002   PAD
    0x200000ac        -       0x000000b4   Zero   RW          268    .bss                draw.o
    0x20000160        -       0x0000000c   Zero   RW          305    .bss                duqu.o
    0x2000016c        -       0x000000c8   Zero   RW          353    .bss                usart.o
    0x20000234        -       0x00000060   Zero   RW          593    .bss                c_w.l(libspace.o)
    0x20000294   0x080093c2   0x00000004   PAD
    0x20000298        -       0x00000200   Zero   RW          386    HEAP                startup_stm32f10x_hd.o
    0x20000498        -       0x00000400   Zero   RW          385    STACK               startup_stm32f10x_hd.o


==============================================================================

Image component sizes


      Code (inc. data)   RO Data    RW Data    ZI Data      Debug   Object Name

       604          4          0          0          0        974   anjian.o
       212         18          0          4          0       1019   delay.o
      3252        350          0          0        180       5077   draw.o
       656         18          0          8         12       1637   duqu.o
     13484        126       6080          4         14      18334   lcd.o
        76          8          0          0          0        495   led.o
      1456        134          0         88          0     264026   main.o
       220         22          0          0          0       1793   misc.o
        64         26        304          0       1536        792   startup_stm32f10x_hd.o
      1548         18          0          0          0       5343   stm32f10x_fsmc.o
       860         38          0          0          0       5641   stm32f10x_gpio.o
        26          0          0          0          0       1178   stm32f10x_it.o
       932         36          0         20          0       8812   stm32f10x_rcc.o
      3610         88          0          0          0      22124   stm32f10x_tim.o
      1032         22          0          0          0       8364   stm32f10x_usart.o
         0          0          0          0          0         32   sys.o
       480         38          0         20          0       1731   system_stm32f10x.o
       484         94          0          4          0       1280   timer.o
       320         18          0          6        200       3118   usart.o

    ----------------------------------------------------------------------
     29318       1058       6416        156       1944     351770   Object Totals
         0          0         32          0          0          0   (incl. Generated)
         2          0          0          2          2          0   (incl. Padding)

    ----------------------------------------------------------------------

      Code (inc. data)   RO Data    RW Data    ZI Data      Debug   Library Member Name

         8          0          0          0          0         68   __main.o
       312          4         17          0          0         92   __printf_flags_wp.o
        14          0          0          0          0         68   __printf_wp.o
         0          0          0          0          0          0   __rtentry.o
        12          0          0          0          0          0   __rtentry2.o
         6          0          0          0          0          0   __rtentry4.o
        52          8          0          0          0          0   __scatter.o
        26          0          0          0          0          0   __scatter_copy.o
        28          0          0          0          0          0   __scatter_zi.o
        48          6          0          0          0         96   _printf_char_common.o
        36          4          0          0          0         80   _printf_char_file.o
         6          0          0          0          0          0   _printf_d.o
       120         16          0          0          0         92   _printf_dec.o
        88          4         40          0          0         88   _printf_hex_int.o
       178          0          0          0          0         88   _printf_intcommon.o
        78          0          0          0          0        108   _printf_pad.o
         0          0          0          0          0          0   _printf_percent.o
         4          0          0          0          0          0   _printf_percent_end.o
         6          0          0          0          0          0   _printf_x.o
        10          0          0          0          0         68   _sputc.o
        12          0          0          0          0         72   exit.o
         8          0          0          0          0         68   ferror.o
         6          0          0          0          0        152   heapauxi.o
         2          0          0          0          0          0   libinit.o
         2          0          0          0          0          0   libinit2.o
         2          0          0          0          0          0   libshutdown.o
         2          0          0          0          0          0   libshutdown2.o
         8          4          0          0         96         68   libspace.o
        24          4          0          0          0         84   noretval__2printf.o
        40          6          0          0          0         84   noretval__2sprintf.o
         2          0          0          0          0          0   rtexit.o
        10          0          0          0          0          0   rtexit2.o
        74          0          0          0          0         80   sys_stackheap_outer.o
         2          0          0          0          0         68   use_no_semi.o
         2          0          0          0          0         68   use_no_semi_2.o
        90          4          0          0          0         92   dfixu.o
        38          0          0          0          0         68   dflt_clz.o
       340         12          0          0          0        104   dmul.o
       156          4          0          0          0         92   dnaninf.o
        12          0          0          0          0         68   dretinf.o
         0          0          0          0          0          0   usenofp.o

    ----------------------------------------------------------------------
      1878         76         60          0        100       2016   Library Totals
        14          0          3          0          4          0   (incl. Padding)

    ----------------------------------------------------------------------

      Code (inc. data)   RO Data    RW Data    ZI Data      Debug   Library Name

      1228         56         57          0         96       1592   c_w.l
       636         20          0          0          0        424   fz_ws.l

    ----------------------------------------------------------------------
      1878         76         60          0        100       2016   Library Totals

    ----------------------------------------------------------------------

==============================================================================


      Code (inc. data)   RO Data    RW Data    ZI Data      Debug   

     31196       1134       6476        156       2044     351182   Grand Totals
     31196       1134       6476        156       2044     351182   ELF Image Totals
     31196       1134       6476        156          0          0   ROM Totals

==============================================================================

    Total RO  Size (Code + RO Data)                37672 (  36.79kB)
    Total RW  Size (RW Data + ZI Data)              2200 (   2.15kB)
    Total ROM Size (Code + RO Data + RW Data)      37828 (  36.94kB)

==============================================================================

